******************************************************************************
                  TI ARM Linker PC v20.2.5                     
******************************************************************************
>> Linked Wed Aug 10 18:52:17 2022

OUTPUT FILE NAME:   <RobotDelta_04x.out>
ENTRY POINT SYMBOL: "_c_int00"  address: 00013aa8


MEMORY CONFIGURATION

         name            origin    length      used     unused   attr    fill
----------------------  --------  ---------  --------  --------  ----  --------
  VECTORS               00000000   00000020  00000020  00000000     X
  KERNEL                00000020   00008000  0000513c  00002ec4  R  X
  FLASH0                00008020   00057fe0  0000e618  000499c8  R  X
  STACKS                08000000   00000800  00000000  00000800  RW  
  KRAM                  08000800   00000800  00000104  000006fc  RW  
  RAM                   08001000   00007000  000021d4  00004e2c  RW  


SEGMENT ALLOCATION MAP

run origin  load origin   length   init length attrs members
----------  ----------- ---------- ----------- ----- -------
00000000    00000000    00005160   00005160    r-x
  00000000    00000000    00000020   00000020    r-x .intvecs
  00000020    00000020    0000508c   0000508c    r-x .kernelTEXT
  000050b0    000050b0    000000b0   000000b0    r-- .cinit
00008020    00008020    0000e618   0000e618    r-x
  00008020    00008020    0000de48   0000de48    r-x .text
  00015e68    00015e68    000007d0   000007d0    r-- .const
08000800    08000800    00000104   00000000    rw-
  08000800    08000800    00000104   00000000    rw- .kernelBSS
08001000    08001000    000021d8   00000000    rw-
  08001000    08001000    00002000   00000000    rw- .kernelHEAP
  08003000    08003000    00000184   00000000    rw- .data
  08003188    08003188    00000050   00000000    rw- .bss


SECTION ALLOCATION MAP

 output                                  attributes/
section   page    origin      length       input sections
--------  ----  ----------  ----------   ----------------
.intvecs   0    00000000    00000020     
                  00000000    00000020     sys_intvecs.obj (.intvecs)

.kernelTEXT 
*          0    00000020    0000508c     
                  00000020    00002bb8     os_tasks.obj (.kernelTEXT)
                  00002bd8    000011d4     os_queue.obj (.kernelTEXT)
                  00003dac    00000818     os_event_groups.obj (.kernelTEXT)
                  000045c4    000003bc     os_port.obj (.kernelTEXT)
                  00004980    000003b0     os_portasm.obj (.kernelTEXT)
                  00004d30    0000037c     os_heap.obj (.kernelTEXT)

.cinit     0    000050b0    000000b0     
                  000050b0    00000068     (.cinit..data.load) [load image, compression = lzss]
                  00005118    0000000c     (__TI_handler_table)
                  00005124    00000009     (.cinit..kernelBSS.load) [load image, compression = lzss]
                  0000512d    00000003     --HOLE-- [fill = 0]
                  00005130    00000008     (.cinit..bss.load) [load image, compression = zero_init]
                  00005138    00000008     (.cinit..kernelHEAP.load) [load image, compression = zero_init]
                  00005140    00000020     (__TI_cinit_table)

.text      0    00008020    0000de48     
                  00008020    000024f0     sys_selftest.obj (.text)
                  0000a510    00000e8c     rtsv7R4_A_be_eabi.lib : e_pow.c.obj (.text:pow)
                  0000b39c    00000aa0     system.obj (.text)
                  0000be3c    000009fc     rtsv7R4_A_be_eabi.lib : k_rem_pio2.c.obj (.text:__kernel_rem_pio2)
                  0000c838    000009a0     os_mpu_wrappers.obj (.text)
                  0000d1d8    00000900     het.obj (.text)
                  0000dad8    000008f4     MCI.obj (.text)
                  0000e3cc    000008b0     rtsv7R4_A_be_eabi.lib : s_cos.c.obj (.text:cos)
                  0000ec7c    0000089c     sys_vim.obj (.text)
                  0000f518    00000894     rtsv7R4_A_be_eabi.lib : s_sin.c.obj (.text:sin)
                  0000fdac    000006e4     sci.obj (.text)
                  00010490    00000668     sys_main.obj (.text)
                  00010af8    00000664     errata_SSWF021_45.obj (.text)
                  0001115c    000005bc     esm.obj (.text)
                  00011718    000005b0     rtsv7R4_A_be_eabi.lib : e_acos.c.obj (.text:acos)
                  00011cc8    0000044c                           : s_atan.c.obj (.text:atan)
                  00012114    0000040c     DC_Motors.obj (.text)
                  00012520    00000384     sci.obj (.text:retain)
                  000128a4    0000036c     gio.obj (.text)
                  00012c10    000002d0     sys_core.obj (.text)
                  00012ee0    0000028c     rtsv7R4_A_be_eabi.lib : e_atan2.c.obj (.text:atan2)
                  0001316c    00000278     os_heap.obj (.text)
                  000133e4    00000268     sys_vim.obj (.text:retain)
                  0001364c    00000238     os_list.obj (.text)
                  00013884    00000224     rtsv7R4_A_be_eabi.lib : k_sin.c.obj (.text:__kernel_sin)
                  00013aa8    00000214     sys_startup.obj (.text:retain)
                  00013cbc    00000214     rtsv7R4_A_be_eabi.lib : fd_add32.asm.obj (.text)
                  00013ed0    00000210                           : k_cos.c.obj (.text:__kernel_cos)
                  000140e0    000001ec                           : e_sqrt.c.obj (.text:sqrt)
                  000142cc    000001b0     os_port.obj (.text)
                  0001447c    00000198     PWM.obj (.text)
                  00014614    00000190     rtsv7R4_A_be_eabi.lib : fd_div32.asm.obj (.text)
                  000147a4    00000180                           : memcpy32.asm.obj (.text)
                  00014924    00000158                           : s_floor.c.obj (.text:floor)
                  00014a7c    00000158     os_tasks.obj (.text)
                  00014bd4    00000154     pinmux.obj (.text)
                  00014d28    00000134     rtsv7R4_A_be_eabi.lib : fs_add32.asm.obj (.text)
                  00014e5c    00000128                           : fd_mul32.asm.obj (.text)
                  00014f84    00000120                           : s_scalbn.c.obj (.text:scalbn)
                  000150a4    000000ec     esm.obj (.text:retain)
                  00015190    000000e8     dabort.obj (.text)
                  00015278    000000e0     rtsv7R4_A_be_eabi.lib : fd_cmp32.asm.obj (.text:__aeabi_cdcmple)
                  00015358    000000e0                           : fd_cmp32.asm.obj (.text:__aeabi_cdrcmple)
                  00015438    000000e0     sys_pmu.obj (.text)
                  00015518    000000d4     rtsv7R4_A_be_eabi.lib : fs_div32.asm.obj (.text)
                  000155ec    000000c0     notification.obj (.text)
                  000156ac    000000b0     rtsv7R4_A_be_eabi.lib : memset32.asm.obj (.text)
                  0001575c    000000a8                           : fs_mul32.asm.obj (.text)
                  00015804    0000009c                           : fd_tos32.asm.obj (.text)
                  000158a0    00000094     gio.obj (.text:retain)
                  00015934    00000090     rtsv7R4_A_be_eabi.lib : copy_decompress_lzss.c.obj (.text:decompress:lzss:__TI_decompress_lzss)
                  000159c4    00000088                           : fs_cmp32.asm.obj (.text:__aeabi_cfcmple)
                  00015a4c    00000088                           : fs_cmp32.asm.obj (.text:__aeabi_cfrcmple)
                  00015ad4    00000068                           : autoinit.c.obj (.text:__TI_auto_init_nobinit_nopinit:__TI_auto_init_nobinit_nopinit)
                  00015b3c    0000005c                           : fd_toi32.asm.obj (.text)
                  00015b98    0000005c                           : fs_tod32.asm.obj (.text)
                  00015bf4    00000058                           : fd_tou32.asm.obj (.text)
                  00015c4c    00000054                           : i_div32.asm.obj (.text)
                  00015ca0    00000050                           : u_div32.asm.obj (.text)
                  00015cf0    0000004c                           : fs_toi32.asm.obj (.text)
                  00015d3c    0000004c                           : i_tofs32.asm.obj (.text)
                  00015d88    0000003c                           : i_tofd32.asm.obj (.text)
                  00015dc4    00000034                           : u_tofd32.asm.obj (.text)
                  00015df8    00000020                           : strlen.c.obj (.text:strlen)
                  00015e18    00000014                           : copy_decompress_none.c.obj (.text:decompress:none:__TI_decompress_none)
                  00015e2c    00000010                           : copy_zero_init.c.obj (.text:decompress:ZI:__TI_zero_init)
                  00015e3c    0000000c                           : errno.c.obj (.text:__aeabi_errno_addr)
                  00015e48    0000000c                           : s_copysign.c.obj (.text:copysign)
                  00015e54    00000008                           : exit.c.obj (.text:abort:abort)
                  00015e5c    00000004     sys_phantom.obj (.text:retain)
                  00015e60    00000004     rtsv7R4_A_be_eabi.lib : div0.asm.obj (.text)
                  00015e64    00000004     sys_startup.obj (.text)

.const     0    00015e68    000007d0     
                  00015e68    000003a0     het.obj (.const:het1PROGRAM)
                  00016208    00000180     sys_vim.obj (.const:s_vim_init)
                  00016388    00000108     rtsv7R4_A_be_eabi.lib : k_rem_pio2.c.obj (.const:ipio2)
                  00016490    00000058                           : s_atan.c.obj (.const:aT)
                  000164e8    00000040                           : k_rem_pio2.c.obj (.const:PIo2)
                  00016528    00000020                           : s_atan.c.obj (.const:atanhi)
                  00016548    00000020                           : s_atan.c.obj (.const:atanlo)
                  00016568    00000020     PWM.obj (.const:s_het1pwmPolarity)
                  00016588    00000020     het.obj (.const:s_het1pwmPolarity)
                  000165a8    00000010     rtsv7R4_A_be_eabi.lib : e_pow.c.obj (.const:bp)
                  000165b8    00000010                           : e_pow.c.obj (.const:dp_h)
                  000165c8    00000010                           : e_pow.c.obj (.const:dp_l)
                  000165d8    00000010                           : k_rem_pio2.c.obj (.const:init_jk)
                  000165e8    0000000c     sys_main.obj (.const:$P$T1$2)
                  000165f4    0000000c     sys_main.obj (.const:$P$T2$3)
                  00016600    0000000c     sys_main.obj (.const:$P$T3$4)
                  0001660c    0000000c     sys_main.obj (.const:$P$T4$5)
                  00016618    0000000c     sys_main.obj (.const:$P$T5$6)
                  00016624    0000000c     sys_main.obj (.const:$P$T6$7)
                  00016630    00000008     sys_main.obj (.const:$P$T0$1)

.kernelBSS 
*          0    08000800    00000104     UNINITIALIZED
                  08000800    000000d0     os_tasks.obj (.kernelBSS:uninit)
                  080008d0    00000034     os_tasks.obj (.kernelBSS:init)

.kernelHEAP 
*          0    08001000    00002000     UNINITIALIZED
                  08001000    00002000     os_heap.obj (.kernelHEAP)

.data      0    08003000    00000184     UNINITIALIZED
                  08003000    00000048     sys_main.obj (.data:pDeltaPath)
                  08003048    00000034     MCI.obj (.data)
                  0800307c    0000002c     sys_main.obj (.data:Motor_1)
                  080030a8    0000002c     sys_main.obj (.data:Motor_2)
                  080030d4    0000002c     sys_main.obj (.data:Motor_3)
                  08003100    00000024     MCI.obj (.data:c)
                  08003124    00000024     MCI.obj (.data:theta)
                  08003148    00000014     sys_main.obj (.data)
                  0800315c    00000010     os_heap.obj (.data)
                  0800316c    0000000c     MCI.obj (.data:phi)
                  08003178    00000008     os_port.obj (.data)
                  08003180    00000004     rtsv7R4_A_be_eabi.lib : errno.c.obj (.data)

.bss       0    08003188    00000050     UNINITIALIZED
                  08003188    00000014     sci.obj (.bss:g_sciTransfer_t)
                  0800319c    00000004     --HOLE--
                  080031a0    00000010     (.common:M1)
                  080031b0    00000010     (.common:M2)
                  080031c0    00000010     (.common:M3)
                  080031d0    00000008     os_heap.obj (.bss:xStart)

__llvm_prf_cnts 
*          0    08001000    00000000     UNINITIALIZED

MODULE SUMMARY

       Module                       code    ro data   rw data
       ------                       ----    -------   -------
    .\source\
       os_tasks.obj                 11536   0         260    
       os_heap.obj                  1524    0         8216   
       sys_selftest.obj             9456    0         0      
       os_queue.obj                 4564    0         0      
       het.obj                      2304    960       0      
       sys_vim.obj                  2820    384       0      
       system.obj                   2720    0         0      
       sci.obj                      2664    0         20     
       os_mpu_wrappers.obj          2464    0         0      
       os_event_groups.obj          2072    0         0      
       sys_main.obj                 1640    80        272    
       esm.obj                      1704    0         0      
       errata_SSWF021_45.obj        1636    0         0      
       os_port.obj                  1388    0         8      
       gio.obj                      1024    0         0      
       os_portasm.obj               944     0         0      
       sys_core.obj                 720     0         0      
       os_list.obj                  568     0         0      
       sys_startup.obj              536     0         0      
       pinmux.obj                   340     0         0      
       dabort.obj                   232     0         0      
       sys_pmu.obj                  224     0         0      
       notification.obj             192     0         0      
       sys_intvecs.obj              32      0         0      
       sys_phantom.obj              4       0         0      
    +--+----------------------------+-------+---------+---------+
       Total:                       53308   1424      8776   
                                                             
    .\source\utilities\
       MCI.obj                      2292    0         136    
       DC_Motors.obj                1036    0         0      
       PWM.obj                      408     32        0      
    +--+----------------------------+-------+---------+---------+
       Total:                       3736    32        136    
                                                             
    C:\ti\ccs1100\ccs\tools\compiler\ti-cgt-arm_20.2.5.LTS\lib\rtsv7R4_A_be_eabi.lib
       e_pow.c.obj                  3724    48        0      
       k_rem_pio2.c.obj             2556    344       0      
       s_cos.c.obj                  2224    0         0      
       s_sin.c.obj                  2196    0         0      
       e_acos.c.obj                 1456    0         0      
       s_atan.c.obj                 1100    152       0      
       e_atan2.c.obj                652     0         0      
       k_sin.c.obj                  548     0         0      
       fd_add32.asm.obj             532     0         0      
       k_cos.c.obj                  528     0         0      
       e_sqrt.c.obj                 492     0         0      
       fd_cmp32.asm.obj             448     0         0      
       fd_div32.asm.obj             400     0         0      
       memcpy32.asm.obj             384     0         0      
       s_floor.c.obj                344     0         0      
       fs_add32.asm.obj             308     0         0      
       fd_mul32.asm.obj             296     0         0      
       s_scalbn.c.obj               288     0         0      
       fs_cmp32.asm.obj             272     0         0      
       fs_div32.asm.obj             212     0         0      
       memset32.asm.obj             176     0         0      
       fs_mul32.asm.obj             168     0         0      
       fd_tos32.asm.obj             156     0         0      
       copy_decompress_lzss.c.obj   144     0         0      
       autoinit.c.obj               104     0         0      
       fd_toi32.asm.obj             92      0         0      
       fs_tod32.asm.obj             92      0         0      
       fd_tou32.asm.obj             88      0         0      
       i_div32.asm.obj              84      0         0      
       u_div32.asm.obj              80      0         0      
       fs_toi32.asm.obj             76      0         0      
       i_tofs32.asm.obj             76      0         0      
       i_tofd32.asm.obj             60      0         0      
       u_tofd32.asm.obj             52      0         0      
       strlen.c.obj                 32      0         0      
       copy_decompress_none.c.obj   20      0         0      
       copy_zero_init.c.obj         16      0         0      
       errno.c.obj                  12      0         4      
       s_copysign.c.obj             12      0         0      
       exit.c.obj                   8       0         0      
       div0.asm.obj                 4       0         0      
    +--+----------------------------+-------+---------+---------+
       Total:                       20512   544       4      
                                                             
       Linker Generated:            0       173       0      
    +--+----------------------------+-------+---------+---------+
       Grand Total:                 77556   2173      8916   


LINKER GENERATED COPY TABLES

__TI_cinit_table @ 00005140 records: 4, size/record: 8, table size: 32
	.data: load addr=000050b0, load size=00000068 bytes, run addr=08003000, run size=00000184 bytes, compression=lzss
	.kernelBSS: load addr=00005124, load size=00000009 bytes, run addr=08000800, run size=00000104 bytes, compression=lzss
	.bss: load addr=00005130, load size=00000008 bytes, run addr=08003188, run size=00000050 bytes, compression=zero_init
	.kernelHEAP: load addr=00005138, load size=00000008 bytes, run addr=08001000, run size=00002000 bytes, compression=zero_init


LINKER GENERATED HANDLER TABLE

__TI_handler_table @ 00005118 records: 3, size/record: 4, table size: 12
	index: 0, handler: __TI_decompress_lzss
	index: 1, handler: __TI_decompress_none
	index: 2, handler: __TI_zero_init


GLOBAL SYMBOLS: SORTED ALPHABETICALLY BY Name 

address   name                                  
-------   ----                                  
00015e54  C$$EXIT                               
08003148  ISRbit                                
0800314c  Int2Pos_QHandle                       
08003074  M                                     
080031a0  M1                                    
080031b0  M2                                    
080031c0  M3                                    
08003158  MCI2MCtrl_QHandle                     
08003154  MCtrl2Plan_QHandle                    
0000ca08  MPU_eTaskGetState                     
0000cb70  MPU_pcTaskGetName                     
0000cc50  MPU_pvTaskGetThreadLocalStoragePointer
0000cd68  MPU_ulTaskNotifyTake                  
0000cf24  MPU_uxQueueMessagesWaiting            
0000cf58  MPU_uxQueueSpacesAvailable            
0000cb44  MPU_uxTaskGetNumberOfTasks            
0000cbd8  MPU_uxTaskGetStackHighWaterMark       
0000c9d4  MPU_uxTaskPriorityGet                 
0000d1ac  MPU_vEventGroupDelete                 
0000cf8c  MPU_vQueueDelete                      
0000c8e0  MPU_vTaskAllocateMPURegions           
0000c940  MPU_vTaskDelay                        
0000c96c  MPU_vTaskDelayUntil                   
0000c914  MPU_vTaskDelete                       
0000ca3c  MPU_vTaskPrioritySet                  
0000ca9c  MPU_vTaskResume                       
0000cc0c  MPU_vTaskSetThreadLocalStoragePointer 
0000cde0  MPU_vTaskSetTimeOutState              
0000ca70  MPU_vTaskSuspend                      
0000cac8  MPU_vTaskSuspendAll                   
0000d0d0  MPU_xEventGroupClearBits              
0000d048  MPU_xEventGroupCreate                 
0000d114  MPU_xEventGroupSetBits                
0000d158  MPU_xEventGroupSync                   
0000d074  MPU_xEventGroupWaitBits               
0000cfb8  MPU_xQueueGenericCreate               
0000ced0  MPU_xQueueGenericReceive              
0000d004  MPU_xQueueGenericReset                
0000ce7c  MPU_xQueueGenericSend                 
0000c9a0  MPU_xTaskAbortDelay                   
0000ce0c  MPU_xTaskCheckForTimeOut              
0000c838  MPU_xTaskCreate                       
0000c89c  MPU_xTaskCreateRestricted             
0000ccc0  MPU_xTaskGenericNotify                
0000cba4  MPU_xTaskGetHandle                    
0000cc94  MPU_xTaskGetIdleTaskHandle            
0000ce50  MPU_xTaskGetSchedulerState            
0000cb18  MPU_xTaskGetTickCount                 
0000cdac  MPU_xTaskNotifyStateClear             
0000cd14  MPU_xTaskNotifyWait                   
0000caec  MPU_xTaskResumeAll                    
0800307c  Motor_1                               
080030a8  Motor_2                               
080030d4  Motor_3                               
08003078  N                                     
08003150  Pos2MCtrl_QHandle                     
UNDEFED   SHT$$INIT_ARRAY$$Base                 
UNDEFED   SHT$$INIT_ARRAY$$Limit                
00005140  __TI_CINIT_Base                       
00005160  __TI_CINIT_Limit                      
00005118  __TI_Handler_Table_Base               
00005124  __TI_Handler_Table_Limit              
00012ed8  __TI_PINIT_Base                       
00012edc  __TI_PINIT_Limit                      
00015ad4  __TI_auto_init_nobinit_nopinit        
00015934  __TI_decompress_lzss                  
00015e18  __TI_decompress_none                  
ffffffff  __TI_pprof_out_hndl                   
ffffffff  __TI_prof_data_size                   
ffffffff  __TI_prof_data_start                  
00000000  __TI_static_base__                    
00015e2c  __TI_zero_init                        
00015278  __aeabi_cdcmpeq                       
00015278  __aeabi_cdcmple                       
00015358  __aeabi_cdrcmple                      
000159c4  __aeabi_cfcmpeq                       
000159c4  __aeabi_cfcmple                       
00015a4c  __aeabi_cfrcmple                      
00015804  __aeabi_d2f                           
00015b3c  __aeabi_d2iz                          
00015bf4  __aeabi_d2uiz                         
00013cc8  __aeabi_dadd                          
00014614  __aeabi_ddiv                          
00014e5c  __aeabi_dmul                          
00013cbc  __aeabi_dsub                          
00015e3c  __aeabi_errno_addr                    
00015b98  __aeabi_f2d                           
00015cf0  __aeabi_f2iz                          
00014d2c  __aeabi_fadd                          
00015518  __aeabi_fdiv                          
0001575c  __aeabi_fmul                          
00014d28  __aeabi_fsub                          
00015d88  __aeabi_i2d                           
00015d3c  __aeabi_i2f                           
00015c4c  __aeabi_idiv                          
00015e60  __aeabi_idiv0                         
00015c4c  __aeabi_idivmod                       
00015e60  __aeabi_ldiv0                         
000156ac  __aeabi_memclr                        
000156ac  __aeabi_memclr4                       
000156ac  __aeabi_memclr8                       
000147a4  __aeabi_memcpy                        
000147a4  __aeabi_memcpy4                       
000147a4  __aeabi_memcpy8                       
000156b0  __aeabi_memset                        
000156b0  __aeabi_memset4                       
000156b0  __aeabi_memset8                       
00015dc4  __aeabi_ui2d                          
00015ca0  __aeabi_uidiv                         
00015ca0  __aeabi_uidivmod                      
ffffffff  __binit__                             
ffffffff  __c_args__                            
00013ed0  __kernel_cos                          
0000be5c  __kernel_rem_pio2                     
00013884  __kernel_sin                          
08001000  __start___llvm_prf_cnts               
08001000  __stop___llvm_prf_cnts                
00013aa8  _c_int00                              
00012e00  _coreClearAuxiliaryDataFault_         
00012e14  _coreClearAuxiliaryInstructionFault_  
00012dd8  _coreClearDataFaultAddress_           
00012db0  _coreClearDataFault_                  
00012dec  _coreClearInstructionFaultAddress_    
00012dc4  _coreClearInstructionFault_           
00012d44  _coreDisableEventBusExport_           
00012d88  _coreDisableFlashEcc_                 
00012d64  _coreDisableRamEcc_                   
00012d34  _coreEnableEventBusExport_            
00012d74  _coreEnableFlashEcc_                  
00012d98  _coreEnableIrqVicOffset_              
00012d54  _coreEnableRamEcc_                    
00012df8  _coreGetAuxiliaryDataFault_           
00012e0c  _coreGetAuxiliaryInstructionFault_    
00012dd0  _coreGetDataFaultAddress_             
00012da8  _coreGetDataFault_                    
00012de4  _coreGetInstructionFaultAddress_      
00012dbc  _coreGetInstructionFault_             
00012c10  _coreInitRegisters_                   
00012cc8  _coreInitStackPointer_                
00015190  _dabort                               
00012e28  _disable_FIQ_interrupt_               
00012e30  _disable_IRQ_interrupt_               
00012e20  _disable_interrupt_                   
00012e38  _enable_interrupt_                    
00012ec8  _errata_CORTEXR4_66_                  
00010af8  _errata_SSWF021_45_both_plls          
00010cec  _errata_SSWF021_45_pll1               
00010e64  _errata_SSWF021_45_pll2               
00012e40  _esmCcmErrorsClear_                   
00012d14  _getCPSRValue_                        
00012d1c  _gotoCPUIdle_                         
00015494  _pmuDisableCountersGlobal_            
00015484  _pmuEnableCountersGlobal_             
000154f0  _pmuGetCycleCount_                    
000154f8  _pmuGetEventCount_                    
00015504  _pmuGetOverflow_                      
00015438  _pmuInit_                             
000154c4  _pmuResetCounters_                    
000154a4  _pmuResetCycleCounter_                
000154b4  _pmuResetEventCounters_               
000154e4  _pmuSetCountEvent_                    
000154d4  _pmuStartCounters_                    
000154dc  _pmuStopCounters_                     
UNDEFED   _system_post_cinit                    
08003050  a                                     
00015e54  abort                                 
00011750  acos                                  
00011750  acosl                                 
00009004  adc1ParityCheck                       
00011cc8  atan                                  
00012ee0  atan2                                 
00012ee0  atan2l                                
00011cc8  atanl                                 
08003054  b                                     
ffffffff  binit                                 
08003100  c                                     
000090bc  can1ParityCheck                       
00009198  can2ParityCheck                       
0000d7e8  capGetSignal                          
00008030  ccmSelfCheck                          
0000a034  ccmr4GetConfigValue                   
00008938  checkB0RAMECC                         
00008b28  checkB1RAMECC                         
00009604  checkClockMonitor                     
00008d18  checkFlashECC                         
000096d8  checkFlashEEPROMECC                   
00009880  checkPLL1Slip                         
0000999c  checkRAMAddrParity                    
000093bc  checkRAMECC                           
00009aa4  checkRAMUERRTest                      
000087bc  checkefcSelfTest                      
00015e48  copysign                              
00015e48  copysignl                             
0000e424  cos                                   
08003060  cos_phi                               
0000e424  cosl                                  
00012114  countToRads                           
00008234  cpuSelfTest                           
00008dfc  cpuSelfTestFail                       
0000bd7c  customTrimLPO                         
00008df4  custom_dabort                         
08003070  den                                   
0000a424  disableParity                         
00001f00  eTaskConfirmSleepModeStatus           
00000888  eTaskGetState                         
0000d7a8  edgeDisableNotification               
0000d76c  edgeEnableNotification                
0000d740  edgeGetCounter                        
00015684  edgeNotification                      
0000d714  edgeResetCounter                      
00008660  efcCheck                              
00009f98  efcGetConfigValue                     
00008794  efcSelfTest                           
000086e8  efcStuckZeroTest                      
0000a3d0  enableParity                          
0000a0b0  errata_PBIST_4                        
08003180  errno                                 
000112e0  esmActivateNormalOperation            
000113b4  esmClearStatus                        
000113f4  esmClearStatusBuffer                  
000112a8  esmDisableError                       
00011318  esmDisableInterrupt                   
00011280  esmEnableError                        
000112f0  esmEnableInterrupt                    
000114ec  esmEnterSelfTest                      
00011264  esmError                              
000115c4  esmGetConfigValue                     
00011430  esmGetStatus                          
000114b4  esmGetStatusBuffer                    
000155ec  esmGroup1Notification                 
000155fc  esmGroup2Notification                 
000150a4  esmHighInterrupt                      
0001115c  esmInit                               
00011574  esmSelfTestStatus                     
00011410  esmSetCounterPreloadValue             
00011340  esmSetInterruptLevel                  
000112d0  esmTriggerErrorPinReset               
00014924  floor                                 
00014924  floorl                                
00009c00  fmcBus1ParityCheck                    
0000885c  fmcBus2Check                          
00008898  fmcECCcheck                           
0000dae0  getMotorsAngle                        
00012a9c  gioDisableNotification                
00012a60  gioEnableNotification                 
000129c8  gioGetBit                             
00012ad8  gioGetConfigValue                     
000129f0  gioGetPort                            
000158a0  gioHighLevelInterrupt                 
000128a4  gioInit                               
000158e4  gioLowLevelInterrupt                  
0001057c  gioNotification                       
00012958  gioSetBit                             
00012938  gioSetDirection                       
000129a8  gioSetPort                            
00012a08  gioToggleBit                          
08003058  h                                     
00015e64  handlePLLLockFail                     
0000d8fc  het1GetConfigValue                    
00008eac  het1ParityCheck                       
0000d8e4  hetGetTimestamp                       
0000d1d8  hetInit                               
00015698  hetNotification                       
0000d8c8  hetResetTimestamp                     
00008f4c  htu1ParityCheck                       
08003048  i                                     
0800304c  j                                     
00014f84  ldexp                                 
00014f84  ldexpl                                
000126c8  linHighLevelInterrupt                 
00012520  linLowLevelInterrupt                  
00010490  main                                  
0000b4f4  mapClocks                             
000147a4  memcpy                                
00008174  memoryInit                            
0001560c  memoryPort0TestFailNotification       
00015628  memoryPort1TestFailNotification       
000156bc  memset                                
00009260  mibspi1ParityCheck                    
000121e8  motorPID                              
00014bd4  muxInit                               
0800306c  num                                   
08003000  pDeltaPath                            
00009d2c  pbistFail                             
00009db0  pbistGetConfigValue                   
000085a8  pbistIsTestCompleted                  
000085d4  pbistIsTestPassed                     
00008608  pbistPortTestStatus                   
000084ac  pbistRun                              
000082cc  pbistSelfCheck                        
00008578  pbistStop                             
00001344  pcTaskGetName                         
0000b4a0  periphInit                            
00015e5c  phantomInterrupt                      
0800316c  phi                                   
00014c5c  pinmuxGetConfigValue                  
0000e07c  point2point                           
0000a538  pow                                   
0000a538  powl                                  
00004d08  prvMpuDisable                         
00004cf0  prvMpuEnable                          
00004cd8  prvMpuSetRegion                       
00004d30  pvPortMalloc                          
00001fe0  pvTaskGetThreadLocalStoragePointer    
0000d6e4  pwmDisableNotification                
0000d69c  pwmEnableNotification                 
0000d5b4  pwmGetSignal                          
0001566c  pwmNotification                       
0000d300  pwmSetDuty                            
0000d43c  pwmSetSignal                          
0001447c  pwmSetSignal10e3                      
0000d298  pwmStart                              
0000d2cc  pwmStop                               
080008d0  pxCurrentTCB                          
000045c4  pxPortInitialiseStack                 
0800305c  r                                     
00000000  resetEntry                            
00014f84  scalbn                                
00014f84  scalbnl                               
000101f8  sciDisableLoopback                    
00010250  sciDisableNotification                
000101c4  sciEnableLoopback                     
00010214  sciEnableNotification                 
0001028c  sciEnterResetState                    
000102ac  sciExitResetState                     
0000fdac  sciInit                               
000100ac  sciIsIdleDetected                     
00010090  sciIsRxReady                          
0000ff70  sciIsTxReady                          
00015658  sciNotification                       
00010124  sciReceive                            
000100f8  sciReceiveByte                        
000100c8  sciRxError                            
0000ffbc  sciSend                               
0000ff8c  sciSendByte                           
0000feb8  sciSetBaudrate                        
0000fe98  sciSetFunctional                      
000102e4  scilinGetConfigValue                  
00008020  selftestFailNotification              
0000e100  setAngleIncr                          
00012148  setDirection                          
0000b460  setupFlash                            
0000b39c  setupPLL                              
0000f568  sin                                   
08003064  sin_phi                               
08003068  sin_theta3i                           
0000f568  sinl                                  
000140e0  sqrt                                  
000140e0  sqrtl                                 
0000bc40  sramGetConfigValue                    
00009ef8  stcGetConfigValue                     
000081b8  stcSelfCheck                          
00008df8  stcSelfCheckFail                      
00015df8  strlen                                
0000b6d4  systemGetConfigValue                  
0000b5d8  systemInit                            
0000b6a4  systemPowerDown                       
0000ba94  tcmflashGetConfigValue                
08003124  theta                                 
0000b3ec  trimLPO                               
08003178  ulCriticalNesting                     
00004c14  ulPortCountLeadingZeros               
0800317c  ulTaskHasFPUContext                   
00002378  ulTaskNotifyTake                      
000137f8  uxListRemove                          
000038e8  uxQueueMessagesWaiting                
0000396c  uxQueueMessagesWaitingFromISR         
00003920  uxQueueSpacesAvailable                
00001338  uxTaskGetNumberOfTasks                
00002224  uxTaskGetStackHighWaterMark           
0000098c  uxTaskPriorityGet                     
000009d0  uxTaskPriorityGetFromISR              
0000233c  uxTaskResetEventItemValue             
0000453c  vEventGroupClearBitsCallback          
0000449c  vEventGroupDelete                     
00004520  vEventGroupSetBitsCallback            
0001364c  vListInitialise                       
000136a4  vListInitialiseItem                   
00013734  vListInsert                           
000136c0  vListInsertEnd                        
00010658  vMotorCtrl                            
00010914  vPlanner                              
0000494c  vPortEndScheduler                     
00004f84  vPortFree                             
00005094  vPortInitialiseBlocks                 
00004b54  vPortPreemptiveTick                   
00004c1c  vPortSWI                              
00004984  vPortStartFirstTask                   
000046b4  vPortStoreTaskMPUSettings             
00004aa0  vPortYeildWithinAPI                   
000049f4  vPortYieldProcessor                   
0000399c  vQueueDelete                          
0000204c  vTaskAllocateMPURegions               
00000804  vTaskDelay                            
00000698  vTaskDelayUntil                       
00000530  vTaskDelete                           
00001074  vTaskEndScheduler                     
00001ef0  vTaskMissedYield                      
00002930  vTaskNotifyGiveFromISR                
00001ab8  vTaskPlaceOnEventList                 
00001afc  vTaskPlaceOnUnorderedEventList        
00000a18  vTaskPrioritySet                      
00000e14  vTaskResume                           
00001f7c  vTaskSetThreadLocalStoragePointer     
00001d74  vTaskSetTimeOutState                  
00000fdc  vTaskStartScheduler                   
00001658  vTaskStepTick                         
00000c10  vTaskSuspend                          
00001090  vTaskSuspendAll                       
000019d8  vTaskSwitchContext                    
0000ed50  vimChannelMap                         
0000ef4c  vimDisableInterrupt                   
0000edf4  vimEnableInterrupt                    
0000efd0  vimGetConfigValue                     
0000ec7c  vimInit                               
00008e00  vimParityCheck                        
000133e4  vimParityErrorHandler                 
00004238  xEventGroupClearBits                  
00003dac  xEventGroupCreate                     
000042bc  xEventGroupGetBitsFromISR             
000042ec  xEventGroupSetBits                    
00003de8  xEventGroupSync                       
00003fe8  xEventGroupWaitBits                   
0000507c  xPortGetFreeHeapSize                  
00005088  xPortGetMinimumEverFreeHeapSize       
00004928  xPortStartScheduler                   
00002d00  xQueueGenericCreate                   
000033d8  xQueueGenericReceive                  
00002bd8  xQueueGenericReset                    
00002e1c  xQueueGenericSend                     
000030dc  xQueueGenericSendFromISR              
0000326c  xQueueGiveFromISR                     
00003cd0  xQueueIsQueueEmptyFromISR             
00003d5c  xQueueIsQueueFullFromISR              
000037f4  xQueuePeekFromISR                     
000036ac  xQueueReceiveFromISR                  
000016b4  xTaskAbortDelay                       
00001db8  xTaskCheckForTimeOut                  
000000fc  xTaskCreate                           
00000020  xTaskCreateRestricted                 
00002560  xTaskGenericNotify                    
00002730  xTaskGenericNotifyFromISR             
00001518  xTaskGetHandle                        
00001620  xTaskGetIdleTaskHandle                
000022ec  xTaskGetSchedulerState                
000012f8  xTaskGetTickCount                     
00001314  xTaskGetTickCountFromISR              
000017b0  xTaskIncrementTick                    
00014b58  xTaskNotifyStateClear                 
0000244c  xTaskNotifyWait                       
00001b80  xTaskRemoveFromEventList              
00001c70  xTaskRemoveFromUnorderedEventList     
00001148  xTaskResumeAll                        
00000ef4  xTaskResumeFromISR                    


GLOBAL SYMBOLS: SORTED BY Symbol Address 

address   name                                  
-------   ----                                  
00000000  __TI_static_base__                    
00000000  resetEntry                            
00000020  xTaskCreateRestricted                 
000000fc  xTaskCreate                           
00000530  vTaskDelete                           
00000698  vTaskDelayUntil                       
00000804  vTaskDelay                            
00000888  eTaskGetState                         
0000098c  uxTaskPriorityGet                     
000009d0  uxTaskPriorityGetFromISR              
00000a18  vTaskPrioritySet                      
00000c10  vTaskSuspend                          
00000e14  vTaskResume                           
00000ef4  xTaskResumeFromISR                    
00000fdc  vTaskStartScheduler                   
00001074  vTaskEndScheduler                     
00001090  vTaskSuspendAll                       
00001148  xTaskResumeAll                        
000012f8  xTaskGetTickCount                     
00001314  xTaskGetTickCountFromISR              
00001338  uxTaskGetNumberOfTasks                
00001344  pcTaskGetName                         
00001518  xTaskGetHandle                        
00001620  xTaskGetIdleTaskHandle                
00001658  vTaskStepTick                         
000016b4  xTaskAbortDelay                       
000017b0  xTaskIncrementTick                    
000019d8  vTaskSwitchContext                    
00001ab8  vTaskPlaceOnEventList                 
00001afc  vTaskPlaceOnUnorderedEventList        
00001b80  xTaskRemoveFromEventList              
00001c70  xTaskRemoveFromUnorderedEventList     
00001d74  vTaskSetTimeOutState                  
00001db8  xTaskCheckForTimeOut                  
00001ef0  vTaskMissedYield                      
00001f00  eTaskConfirmSleepModeStatus           
00001f7c  vTaskSetThreadLocalStoragePointer     
00001fe0  pvTaskGetThreadLocalStoragePointer    
0000204c  vTaskAllocateMPURegions               
00002224  uxTaskGetStackHighWaterMark           
000022ec  xTaskGetSchedulerState                
0000233c  uxTaskResetEventItemValue             
00002378  ulTaskNotifyTake                      
0000244c  xTaskNotifyWait                       
00002560  xTaskGenericNotify                    
00002730  xTaskGenericNotifyFromISR             
00002930  vTaskNotifyGiveFromISR                
00002bd8  xQueueGenericReset                    
00002d00  xQueueGenericCreate                   
00002e1c  xQueueGenericSend                     
000030dc  xQueueGenericSendFromISR              
0000326c  xQueueGiveFromISR                     
000033d8  xQueueGenericReceive                  
000036ac  xQueueReceiveFromISR                  
000037f4  xQueuePeekFromISR                     
000038e8  uxQueueMessagesWaiting                
00003920  uxQueueSpacesAvailable                
0000396c  uxQueueMessagesWaitingFromISR         
0000399c  vQueueDelete                          
00003cd0  xQueueIsQueueEmptyFromISR             
00003d5c  xQueueIsQueueFullFromISR              
00003dac  xEventGroupCreate                     
00003de8  xEventGroupSync                       
00003fe8  xEventGroupWaitBits                   
00004238  xEventGroupClearBits                  
000042bc  xEventGroupGetBitsFromISR             
000042ec  xEventGroupSetBits                    
0000449c  vEventGroupDelete                     
00004520  vEventGroupSetBitsCallback            
0000453c  vEventGroupClearBitsCallback          
000045c4  pxPortInitialiseStack                 
000046b4  vPortStoreTaskMPUSettings             
00004928  xPortStartScheduler                   
0000494c  vPortEndScheduler                     
00004984  vPortStartFirstTask                   
000049f4  vPortYieldProcessor                   
00004aa0  vPortYeildWithinAPI                   
00004b54  vPortPreemptiveTick                   
00004c14  ulPortCountLeadingZeros               
00004c1c  vPortSWI                              
00004cd8  prvMpuSetRegion                       
00004cf0  prvMpuEnable                          
00004d08  prvMpuDisable                         
00004d30  pvPortMalloc                          
00004f84  vPortFree                             
0000507c  xPortGetFreeHeapSize                  
00005088  xPortGetMinimumEverFreeHeapSize       
00005094  vPortInitialiseBlocks                 
00005118  __TI_Handler_Table_Base               
00005124  __TI_Handler_Table_Limit              
00005140  __TI_CINIT_Base                       
00005160  __TI_CINIT_Limit                      
00008020  selftestFailNotification              
00008030  ccmSelfCheck                          
00008174  memoryInit                            
000081b8  stcSelfCheck                          
00008234  cpuSelfTest                           
000082cc  pbistSelfCheck                        
000084ac  pbistRun                              
00008578  pbistStop                             
000085a8  pbistIsTestCompleted                  
000085d4  pbistIsTestPassed                     
00008608  pbistPortTestStatus                   
00008660  efcCheck                              
000086e8  efcStuckZeroTest                      
00008794  efcSelfTest                           
000087bc  checkefcSelfTest                      
0000885c  fmcBus2Check                          
00008898  fmcECCcheck                           
00008938  checkB0RAMECC                         
00008b28  checkB1RAMECC                         
00008d18  checkFlashECC                         
00008df4  custom_dabort                         
00008df8  stcSelfCheckFail                      
00008dfc  cpuSelfTestFail                       
00008e00  vimParityCheck                        
00008eac  het1ParityCheck                       
00008f4c  htu1ParityCheck                       
00009004  adc1ParityCheck                       
000090bc  can1ParityCheck                       
00009198  can2ParityCheck                       
00009260  mibspi1ParityCheck                    
000093bc  checkRAMECC                           
00009604  checkClockMonitor                     
000096d8  checkFlashEEPROMECC                   
00009880  checkPLL1Slip                         
0000999c  checkRAMAddrParity                    
00009aa4  checkRAMUERRTest                      
00009c00  fmcBus1ParityCheck                    
00009d2c  pbistFail                             
00009db0  pbistGetConfigValue                   
00009ef8  stcGetConfigValue                     
00009f98  efcGetConfigValue                     
0000a034  ccmr4GetConfigValue                   
0000a0b0  errata_PBIST_4                        
0000a3d0  enableParity                          
0000a424  disableParity                         
0000a538  pow                                   
0000a538  powl                                  
0000b39c  setupPLL                              
0000b3ec  trimLPO                               
0000b460  setupFlash                            
0000b4a0  periphInit                            
0000b4f4  mapClocks                             
0000b5d8  systemInit                            
0000b6a4  systemPowerDown                       
0000b6d4  systemGetConfigValue                  
0000ba94  tcmflashGetConfigValue                
0000bc40  sramGetConfigValue                    
0000bd7c  customTrimLPO                         
0000be5c  __kernel_rem_pio2                     
0000c838  MPU_xTaskCreate                       
0000c89c  MPU_xTaskCreateRestricted             
0000c8e0  MPU_vTaskAllocateMPURegions           
0000c914  MPU_vTaskDelete                       
0000c940  MPU_vTaskDelay                        
0000c96c  MPU_vTaskDelayUntil                   
0000c9a0  MPU_xTaskAbortDelay                   
0000c9d4  MPU_uxTaskPriorityGet                 
0000ca08  MPU_eTaskGetState                     
0000ca3c  MPU_vTaskPrioritySet                  
0000ca70  MPU_vTaskSuspend                      
0000ca9c  MPU_vTaskResume                       
0000cac8  MPU_vTaskSuspendAll                   
0000caec  MPU_xTaskResumeAll                    
0000cb18  MPU_xTaskGetTickCount                 
0000cb44  MPU_uxTaskGetNumberOfTasks            
0000cb70  MPU_pcTaskGetName                     
0000cba4  MPU_xTaskGetHandle                    
0000cbd8  MPU_uxTaskGetStackHighWaterMark       
0000cc0c  MPU_vTaskSetThreadLocalStoragePointer 
0000cc50  MPU_pvTaskGetThreadLocalStoragePointer
0000cc94  MPU_xTaskGetIdleTaskHandle            
0000ccc0  MPU_xTaskGenericNotify                
0000cd14  MPU_xTaskNotifyWait                   
0000cd68  MPU_ulTaskNotifyTake                  
0000cdac  MPU_xTaskNotifyStateClear             
0000cde0  MPU_vTaskSetTimeOutState              
0000ce0c  MPU_xTaskCheckForTimeOut              
0000ce50  MPU_xTaskGetSchedulerState            
0000ce7c  MPU_xQueueGenericSend                 
0000ced0  MPU_xQueueGenericReceive              
0000cf24  MPU_uxQueueMessagesWaiting            
0000cf58  MPU_uxQueueSpacesAvailable            
0000cf8c  MPU_vQueueDelete                      
0000cfb8  MPU_xQueueGenericCreate               
0000d004  MPU_xQueueGenericReset                
0000d048  MPU_xEventGroupCreate                 
0000d074  MPU_xEventGroupWaitBits               
0000d0d0  MPU_xEventGroupClearBits              
0000d114  MPU_xEventGroupSetBits                
0000d158  MPU_xEventGroupSync                   
0000d1ac  MPU_vEventGroupDelete                 
0000d1d8  hetInit                               
0000d298  pwmStart                              
0000d2cc  pwmStop                               
0000d300  pwmSetDuty                            
0000d43c  pwmSetSignal                          
0000d5b4  pwmGetSignal                          
0000d69c  pwmEnableNotification                 
0000d6e4  pwmDisableNotification                
0000d714  edgeResetCounter                      
0000d740  edgeGetCounter                        
0000d76c  edgeEnableNotification                
0000d7a8  edgeDisableNotification               
0000d7e8  capGetSignal                          
0000d8c8  hetResetTimestamp                     
0000d8e4  hetGetTimestamp                       
0000d8fc  het1GetConfigValue                    
0000dae0  getMotorsAngle                        
0000e07c  point2point                           
0000e100  setAngleIncr                          
0000e424  cos                                   
0000e424  cosl                                  
0000ec7c  vimInit                               
0000ed50  vimChannelMap                         
0000edf4  vimEnableInterrupt                    
0000ef4c  vimDisableInterrupt                   
0000efd0  vimGetConfigValue                     
0000f568  sin                                   
0000f568  sinl                                  
0000fdac  sciInit                               
0000fe98  sciSetFunctional                      
0000feb8  sciSetBaudrate                        
0000ff70  sciIsTxReady                          
0000ff8c  sciSendByte                           
0000ffbc  sciSend                               
00010090  sciIsRxReady                          
000100ac  sciIsIdleDetected                     
000100c8  sciRxError                            
000100f8  sciReceiveByte                        
00010124  sciReceive                            
000101c4  sciEnableLoopback                     
000101f8  sciDisableLoopback                    
00010214  sciEnableNotification                 
00010250  sciDisableNotification                
0001028c  sciEnterResetState                    
000102ac  sciExitResetState                     
000102e4  scilinGetConfigValue                  
00010490  main                                  
0001057c  gioNotification                       
00010658  vMotorCtrl                            
00010914  vPlanner                              
00010af8  _errata_SSWF021_45_both_plls          
00010cec  _errata_SSWF021_45_pll1               
00010e64  _errata_SSWF021_45_pll2               
0001115c  esmInit                               
00011264  esmError                              
00011280  esmEnableError                        
000112a8  esmDisableError                       
000112d0  esmTriggerErrorPinReset               
000112e0  esmActivateNormalOperation            
000112f0  esmEnableInterrupt                    
00011318  esmDisableInterrupt                   
00011340  esmSetInterruptLevel                  
000113b4  esmClearStatus                        
000113f4  esmClearStatusBuffer                  
00011410  esmSetCounterPreloadValue             
00011430  esmGetStatus                          
000114b4  esmGetStatusBuffer                    
000114ec  esmEnterSelfTest                      
00011574  esmSelfTestStatus                     
000115c4  esmGetConfigValue                     
00011750  acos                                  
00011750  acosl                                 
00011cc8  atan                                  
00011cc8  atanl                                 
00012114  countToRads                           
00012148  setDirection                          
000121e8  motorPID                              
00012520  linLowLevelInterrupt                  
000126c8  linHighLevelInterrupt                 
000128a4  gioInit                               
00012938  gioSetDirection                       
00012958  gioSetBit                             
000129a8  gioSetPort                            
000129c8  gioGetBit                             
000129f0  gioGetPort                            
00012a08  gioToggleBit                          
00012a60  gioEnableNotification                 
00012a9c  gioDisableNotification                
00012ad8  gioGetConfigValue                     
00012c10  _coreInitRegisters_                   
00012cc8  _coreInitStackPointer_                
00012d14  _getCPSRValue_                        
00012d1c  _gotoCPUIdle_                         
00012d34  _coreEnableEventBusExport_            
00012d44  _coreDisableEventBusExport_           
00012d54  _coreEnableRamEcc_                    
00012d64  _coreDisableRamEcc_                   
00012d74  _coreEnableFlashEcc_                  
00012d88  _coreDisableFlashEcc_                 
00012d98  _coreEnableIrqVicOffset_              
00012da8  _coreGetDataFault_                    
00012db0  _coreClearDataFault_                  
00012dbc  _coreGetInstructionFault_             
00012dc4  _coreClearInstructionFault_           
00012dd0  _coreGetDataFaultAddress_             
00012dd8  _coreClearDataFaultAddress_           
00012de4  _coreGetInstructionFaultAddress_      
00012dec  _coreClearInstructionFaultAddress_    
00012df8  _coreGetAuxiliaryDataFault_           
00012e00  _coreClearAuxiliaryDataFault_         
00012e0c  _coreGetAuxiliaryInstructionFault_    
00012e14  _coreClearAuxiliaryInstructionFault_  
00012e20  _disable_interrupt_                   
00012e28  _disable_FIQ_interrupt_               
00012e30  _disable_IRQ_interrupt_               
00012e38  _enable_interrupt_                    
00012e40  _esmCcmErrorsClear_                   
00012ec8  _errata_CORTEXR4_66_                  
00012ed8  __TI_PINIT_Base                       
00012edc  __TI_PINIT_Limit                      
00012ee0  atan2                                 
00012ee0  atan2l                                
000133e4  vimParityErrorHandler                 
0001364c  vListInitialise                       
000136a4  vListInitialiseItem                   
000136c0  vListInsertEnd                        
00013734  vListInsert                           
000137f8  uxListRemove                          
00013884  __kernel_sin                          
00013aa8  _c_int00                              
00013cbc  __aeabi_dsub                          
00013cc8  __aeabi_dadd                          
00013ed0  __kernel_cos                          
000140e0  sqrt                                  
000140e0  sqrtl                                 
0001447c  pwmSetSignal10e3                      
00014614  __aeabi_ddiv                          
000147a4  __aeabi_memcpy                        
000147a4  __aeabi_memcpy4                       
000147a4  __aeabi_memcpy8                       
000147a4  memcpy                                
00014924  floor                                 
00014924  floorl                                
00014b58  xTaskNotifyStateClear                 
00014bd4  muxInit                               
00014c5c  pinmuxGetConfigValue                  
00014d28  __aeabi_fsub                          
00014d2c  __aeabi_fadd                          
00014e5c  __aeabi_dmul                          
00014f84  ldexp                                 
00014f84  ldexpl                                
00014f84  scalbn                                
00014f84  scalbnl                               
000150a4  esmHighInterrupt                      
00015190  _dabort                               
00015278  __aeabi_cdcmpeq                       
00015278  __aeabi_cdcmple                       
00015358  __aeabi_cdrcmple                      
00015438  _pmuInit_                             
00015484  _pmuEnableCountersGlobal_             
00015494  _pmuDisableCountersGlobal_            
000154a4  _pmuResetCycleCounter_                
000154b4  _pmuResetEventCounters_               
000154c4  _pmuResetCounters_                    
000154d4  _pmuStartCounters_                    
000154dc  _pmuStopCounters_                     
000154e4  _pmuSetCountEvent_                    
000154f0  _pmuGetCycleCount_                    
000154f8  _pmuGetEventCount_                    
00015504  _pmuGetOverflow_                      
00015518  __aeabi_fdiv                          
000155ec  esmGroup1Notification                 
000155fc  esmGroup2Notification                 
0001560c  memoryPort0TestFailNotification       
00015628  memoryPort1TestFailNotification       
00015658  sciNotification                       
0001566c  pwmNotification                       
00015684  edgeNotification                      
00015698  hetNotification                       
000156ac  __aeabi_memclr                        
000156ac  __aeabi_memclr4                       
000156ac  __aeabi_memclr8                       
000156b0  __aeabi_memset                        
000156b0  __aeabi_memset4                       
000156b0  __aeabi_memset8                       
000156bc  memset                                
0001575c  __aeabi_fmul                          
00015804  __aeabi_d2f                           
000158a0  gioHighLevelInterrupt                 
000158e4  gioLowLevelInterrupt                  
00015934  __TI_decompress_lzss                  
000159c4  __aeabi_cfcmpeq                       
000159c4  __aeabi_cfcmple                       
00015a4c  __aeabi_cfrcmple                      
00015ad4  __TI_auto_init_nobinit_nopinit        
00015b3c  __aeabi_d2iz                          
00015b98  __aeabi_f2d                           
00015bf4  __aeabi_d2uiz                         
00015c4c  __aeabi_idiv                          
00015c4c  __aeabi_idivmod                       
00015ca0  __aeabi_uidiv                         
00015ca0  __aeabi_uidivmod                      
00015cf0  __aeabi_f2iz                          
00015d3c  __aeabi_i2f                           
00015d88  __aeabi_i2d                           
00015dc4  __aeabi_ui2d                          
00015df8  strlen                                
00015e18  __TI_decompress_none                  
00015e2c  __TI_zero_init                        
00015e3c  __aeabi_errno_addr                    
00015e48  copysign                              
00015e48  copysignl                             
00015e54  C$$EXIT                               
00015e54  abort                                 
00015e5c  phantomInterrupt                      
00015e60  __aeabi_idiv0                         
00015e60  __aeabi_ldiv0                         
00015e64  handlePLLLockFail                     
080008d0  pxCurrentTCB                          
08001000  __start___llvm_prf_cnts               
08001000  __stop___llvm_prf_cnts                
08003000  pDeltaPath                            
08003048  i                                     
0800304c  j                                     
08003050  a                                     
08003054  b                                     
08003058  h                                     
0800305c  r                                     
08003060  cos_phi                               
08003064  sin_phi                               
08003068  sin_theta3i                           
0800306c  num                                   
08003070  den                                   
08003074  M                                     
08003078  N                                     
0800307c  Motor_1                               
080030a8  Motor_2                               
080030d4  Motor_3                               
08003100  c                                     
08003124  theta                                 
08003148  ISRbit                                
0800314c  Int2Pos_QHandle                       
08003150  Pos2MCtrl_QHandle                     
08003154  MCtrl2Plan_QHandle                    
08003158  MCI2MCtrl_QHandle                     
0800316c  phi                                   
08003178  ulCriticalNesting                     
0800317c  ulTaskHasFPUContext                   
08003180  errno                                 
080031a0  M1                                    
080031b0  M2                                    
080031c0  M3                                    
ffffffff  __TI_pprof_out_hndl                   
ffffffff  __TI_prof_data_size                   
ffffffff  __TI_prof_data_start                  
ffffffff  __binit__                             
ffffffff  __c_args__                            
ffffffff  binit                                 
UNDEFED   SHT$$INIT_ARRAY$$Base                 
UNDEFED   SHT$$INIT_ARRAY$$Limit                
UNDEFED   _system_post_cinit                    

[454 symbols]
