******************************************************************************
                  TI ARM Linker PC v20.2.5                     
******************************************************************************
>> Linked Sat Aug  6 10:51:50 2022

OUTPUT FILE NAME:   <RobotDelta_04x.out>
ENTRY POINT SYMBOL: "_c_int00"  address: 000137d0


MEMORY CONFIGURATION

         name            origin    length      used     unused   attr    fill
----------------------  --------  ---------  --------  --------  ----  --------
  VECTORS               00000000   00000020  00000020  00000000     X
  KERNEL                00000020   00008000  00005134  00002ecc  R  X
  FLASH0                00008020   00057fe0  0000e368  00049c78  R  X
  STACKS                08000000   00000800  00000000  00000800  RW  
  KRAM                  08000800   00000800  00000104  000006fc  RW  
  RAM                   08001000   00007000  0000218c  00004e74  RW  


SEGMENT ALLOCATION MAP

run origin  load origin   length   init length attrs members
----------  ----------- ---------- ----------- ----- -------
00000000    00000000    00005158   00005158    r-x
  00000000    00000000    00000020   00000020    r-x .intvecs
  00000020    00000020    0000508c   0000508c    r-x .kernelTEXT
  000050b0    000050b0    000000a8   000000a8    r-- .cinit
00008020    00008020    0000e368   0000e368    r-x
  00008020    00008020    0000db70   0000db70    r-x .text
  00015b90    00015b90    000007f8   000007f8    r-- .const
08000800    08000800    00000104   00000000    rw-
  08000800    08000800    00000104   00000000    rw- .kernelBSS
08001000    08001000    00002190   00000000    rw-
  08001000    08001000    00002000   00000000    rw- .kernelHEAP
  08003000    08003000    0000013c   00000000    rw- .data
  08003140    08003140    00000050   00000000    rw- .bss


SECTION ALLOCATION MAP

 output                                  attributes/
section   page    origin      length       input sections
--------  ----  ----------  ----------   ----------------
.intvecs   0    00000000    00000020     
                  00000000    00000020     sys_intvecs.obj (.intvecs)

.kernelTEXT 
*          0    00000020    0000508c     
                  00000020    00002bb8     os_tasks.obj (.kernelTEXT)
                  00002bd8    000011d4     os_queue.obj (.kernelTEXT)
                  00003dac    00000818     os_event_groups.obj (.kernelTEXT)
                  000045c4    000003bc     os_port.obj (.kernelTEXT)
                  00004980    000003b0     os_portasm.obj (.kernelTEXT)
                  00004d30    0000037c     os_heap.obj (.kernelTEXT)

.cinit     0    000050b0    000000a8     
                  000050b0    0000005c     (.cinit..data.load) [load image, compression = lzss]
                  0000510c    0000000c     (__TI_handler_table)
                  00005118    00000009     (.cinit..kernelBSS.load) [load image, compression = lzss]
                  00005121    00000007     --HOLE-- [fill = 0]
                  00005128    00000008     (.cinit..bss.load) [load image, compression = zero_init]
                  00005130    00000008     (.cinit..kernelHEAP.load) [load image, compression = zero_init]
                  00005138    00000020     (__TI_cinit_table)

.text      0    00008020    0000db70     
                  00008020    000024f0     sys_selftest.obj (.text)
                  0000a510    00000e8c     rtsv7R4_A_be_eabi.lib : e_pow.c.obj (.text:pow)
                  0000b39c    00000aa0     system.obj (.text)
                  0000be3c    000009fc     rtsv7R4_A_be_eabi.lib : k_rem_pio2.c.obj (.text:__kernel_rem_pio2)
                  0000c838    000009a0     os_mpu_wrappers.obj (.text)
                  0000d1d8    00000900     het.obj (.text)
                  0000dad8    000008b0     rtsv7R4_A_be_eabi.lib : s_cos.c.obj (.text:cos)
                  0000e388    0000089c     sys_vim.obj (.text)
                  0000ec24    00000894     rtsv7R4_A_be_eabi.lib : s_sin.c.obj (.text:sin)
                  0000f4b8    000006e4     sci.obj (.text)
                  0000fb9c    000006e0     sys_main.obj (.text)
                  0001027c    00000664     errata_SSWF021_45.obj (.text)
                  000108e0    000005d4     MCI.obj (.text)
                  00010eb4    000005bc     esm.obj (.text)
                  00011470    000005b0     rtsv7R4_A_be_eabi.lib : e_acos.c.obj (.text:acos)
                  00011a20    0000044c                           : s_atan.c.obj (.text:atan)
                  00011e6c    000003dc     DC_Motors.obj (.text)
                  00012248    00000384     sci.obj (.text:retain)
                  000125cc    0000036c     gio.obj (.text)
                  00012938    000002d0     sys_core.obj (.text)
                  00012c08    0000028c     rtsv7R4_A_be_eabi.lib : e_atan2.c.obj (.text:atan2)
                  00012e94    00000278     os_heap.obj (.text)
                  0001310c    00000268     sys_vim.obj (.text:retain)
                  00013374    00000238     os_list.obj (.text)
                  000135ac    00000224     rtsv7R4_A_be_eabi.lib : k_sin.c.obj (.text:__kernel_sin)
                  000137d0    00000214     sys_startup.obj (.text:retain)
                  000139e4    00000214     rtsv7R4_A_be_eabi.lib : fd_add32.asm.obj (.text)
                  00013bf8    00000210                           : k_cos.c.obj (.text:__kernel_cos)
                  00013e08    000001ec                           : e_sqrt.c.obj (.text:sqrt)
                  00013ff4    000001b0     os_port.obj (.text)
                  000141a4    00000198     PWM.obj (.text)
                  0001433c    00000190     rtsv7R4_A_be_eabi.lib : fd_div32.asm.obj (.text)
                  000144cc    00000180                           : memcpy32.asm.obj (.text)
                  0001464c    00000158                           : s_floor.c.obj (.text:floor)
                  000147a4    00000158     os_tasks.obj (.text)
                  000148fc    00000154     pinmux.obj (.text)
                  00014a50    00000134     rtsv7R4_A_be_eabi.lib : fs_add32.asm.obj (.text)
                  00014b84    00000128                           : fd_mul32.asm.obj (.text)
                  00014cac    00000120                           : s_scalbn.c.obj (.text:scalbn)
                  00014dcc    000000ec     esm.obj (.text:retain)
                  00014eb8    000000e8     dabort.obj (.text)
                  00014fa0    000000e0     rtsv7R4_A_be_eabi.lib : fd_cmp32.asm.obj (.text:__aeabi_cdcmple)
                  00015080    000000e0                           : fd_cmp32.asm.obj (.text:__aeabi_cdrcmple)
                  00015160    000000e0     sys_pmu.obj (.text)
                  00015240    000000d4     rtsv7R4_A_be_eabi.lib : fs_div32.asm.obj (.text)
                  00015314    000000c0     notification.obj (.text)
                  000153d4    000000b0     rtsv7R4_A_be_eabi.lib : memset32.asm.obj (.text)
                  00015484    000000a8                           : fs_mul32.asm.obj (.text)
                  0001552c    0000009c                           : fd_tos32.asm.obj (.text)
                  000155c8    00000094     gio.obj (.text:retain)
                  0001565c    00000090     rtsv7R4_A_be_eabi.lib : copy_decompress_lzss.c.obj (.text:decompress:lzss:__TI_decompress_lzss)
                  000156ec    00000088                           : fs_cmp32.asm.obj (.text:__aeabi_cfcmple)
                  00015774    00000088                           : fs_cmp32.asm.obj (.text:__aeabi_cfrcmple)
                  000157fc    00000068                           : autoinit.c.obj (.text:__TI_auto_init_nobinit_nopinit:__TI_auto_init_nobinit_nopinit)
                  00015864    0000005c                           : fd_toi32.asm.obj (.text)
                  000158c0    0000005c                           : fs_tod32.asm.obj (.text)
                  0001591c    00000058                           : fd_tou32.asm.obj (.text)
                  00015974    00000054                           : i_div32.asm.obj (.text)
                  000159c8    00000050                           : u_div32.asm.obj (.text)
                  00015a18    0000004c                           : fs_toi32.asm.obj (.text)
                  00015a64    0000004c                           : i_tofs32.asm.obj (.text)
                  00015ab0    0000003c                           : i_tofd32.asm.obj (.text)
                  00015aec    00000034                           : u_tofd32.asm.obj (.text)
                  00015b20    00000020                           : strlen.c.obj (.text:strlen)
                  00015b40    00000014                           : copy_decompress_none.c.obj (.text:decompress:none:__TI_decompress_none)
                  00015b54    00000010                           : copy_zero_init.c.obj (.text:decompress:ZI:__TI_zero_init)
                  00015b64    0000000c                           : errno.c.obj (.text:__aeabi_errno_addr)
                  00015b70    0000000c                           : s_copysign.c.obj (.text:copysign)
                  00015b7c    00000008                           : exit.c.obj (.text:abort:abort)
                  00015b84    00000004     sys_phantom.obj (.text:retain)
                  00015b88    00000004     rtsv7R4_A_be_eabi.lib : div0.asm.obj (.text)
                  00015b8c    00000004     sys_startup.obj (.text)

.const     0    00015b90    000007f8     
                  00015b90    000003a0     het.obj (.const:het1PROGRAM)
                  00015f30    00000180     sys_vim.obj (.const:s_vim_init)
                  000160b0    00000108     rtsv7R4_A_be_eabi.lib : k_rem_pio2.c.obj (.const:ipio2)
                  000161b8    00000058                           : s_atan.c.obj (.const:aT)
                  00016210    00000040                           : k_rem_pio2.c.obj (.const:PIo2)
                  00016250    00000028     sys_main.obj (.const:$P$T6$7)
                  00016278    00000020     rtsv7R4_A_be_eabi.lib : s_atan.c.obj (.const:atanhi)
                  00016298    00000020                           : s_atan.c.obj (.const:atanlo)
                  000162b8    00000020     PWM.obj (.const:s_het1pwmPolarity)
                  000162d8    00000020     het.obj (.const:s_het1pwmPolarity)
                  000162f8    00000010     rtsv7R4_A_be_eabi.lib : e_pow.c.obj (.const:bp)
                  00016308    00000010                           : e_pow.c.obj (.const:dp_h)
                  00016318    00000010                           : e_pow.c.obj (.const:dp_l)
                  00016328    00000010                           : k_rem_pio2.c.obj (.const:init_jk)
                  00016338    0000000c     sys_main.obj (.const:$P$T0$1)
                  00016344    0000000c     sys_main.obj (.const:$P$T2$3)
                  00016350    0000000c     sys_main.obj (.const:$P$T3$4)
                  0001635c    0000000c     sys_main.obj (.const:$P$T4$5)
                  00016368    0000000c     sys_main.obj (.const:$P$T5$6)
                  00016374    0000000c     sys_main.obj (.const:$P$T7$8)
                  00016380    00000008     sys_main.obj (.const:$P$T1$2)

.kernelBSS 
*          0    08000800    00000104     UNINITIALIZED
                  08000800    000000d0     os_tasks.obj (.kernelBSS:uninit)
                  080008d0    00000034     os_tasks.obj (.kernelBSS:init)

.kernelHEAP 
*          0    08001000    00002000     UNINITIALIZED
                  08001000    00002000     os_heap.obj (.kernelHEAP)

.data      0    08003000    0000013c     UNINITIALIZED
                  08003000    00000034     MCI.obj (.data)
                  08003034    0000002c     sys_main.obj (.data:Motor_1)
                  08003060    0000002c     sys_main.obj (.data:Motor_2)
                  0800308c    0000002c     sys_main.obj (.data:Motor_3)
                  080030b8    00000024     MCI.obj (.data:c)
                  080030dc    00000024     MCI.obj (.data:theta)
                  08003100    00000014     sys_main.obj (.data)
                  08003114    00000010     os_heap.obj (.data)
                  08003124    0000000c     MCI.obj (.data:phi)
                  08003130    00000008     os_port.obj (.data)
                  08003138    00000004     rtsv7R4_A_be_eabi.lib : errno.c.obj (.data)

.bss       0    08003140    00000050     UNINITIALIZED
                  08003140    00000014     sci.obj (.bss:g_sciTransfer_t)
                  08003154    00000004     --HOLE--
                  08003158    00000010     (.common:M1)
                  08003168    00000010     (.common:M2)
                  08003178    00000010     (.common:M3)
                  08003188    00000008     os_heap.obj (.bss:xStart)

__llvm_prf_cnts 
*          0    08001000    00000000     UNINITIALIZED

MODULE SUMMARY

       Module                       code    ro data   rw data
       ------                       ----    -------   -------
    .\source\
       os_tasks.obj                 11536   0         260    
       os_heap.obj                  1524    0         8216   
       sys_selftest.obj             9456    0         0      
       os_queue.obj                 4564    0         0      
       het.obj                      2304    960       0      
       sys_vim.obj                  2820    384       0      
       system.obj                   2720    0         0      
       sci.obj                      2664    0         20     
       os_mpu_wrappers.obj          2464    0         0      
       sys_main.obj                 1760    120       200    
       os_event_groups.obj          2072    0         0      
       esm.obj                      1704    0         0      
       errata_SSWF021_45.obj        1636    0         0      
       os_port.obj                  1388    0         8      
       gio.obj                      1024    0         0      
       os_portasm.obj               944     0         0      
       sys_core.obj                 720     0         0      
       os_list.obj                  568     0         0      
       sys_startup.obj              536     0         0      
       pinmux.obj                   340     0         0      
       dabort.obj                   232     0         0      
       sys_pmu.obj                  224     0         0      
       notification.obj             192     0         0      
       sys_intvecs.obj              32      0         0      
       sys_phantom.obj              4       0         0      
    +--+----------------------------+-------+---------+---------+
       Total:                       53428   1464      8704   
                                                             
    .\source\utilities\
       MCI.obj                      1492    0         136    
       DC_Motors.obj                988     0         0      
       PWM.obj                      408     32        0      
    +--+----------------------------+-------+---------+---------+
       Total:                       2888    32        136    
                                                             
    C:\ti\ccs1100\ccs\tools\compiler\ti-cgt-arm_20.2.5.LTS\lib\rtsv7R4_A_be_eabi.lib
       e_pow.c.obj                  3724    48        0      
       k_rem_pio2.c.obj             2556    344       0      
       s_cos.c.obj                  2224    0         0      
       s_sin.c.obj                  2196    0         0      
       e_acos.c.obj                 1456    0         0      
       s_atan.c.obj                 1100    152       0      
       e_atan2.c.obj                652     0         0      
       k_sin.c.obj                  548     0         0      
       fd_add32.asm.obj             532     0         0      
       k_cos.c.obj                  528     0         0      
       e_sqrt.c.obj                 492     0         0      
       fd_cmp32.asm.obj             448     0         0      
       fd_div32.asm.obj             400     0         0      
       memcpy32.asm.obj             384     0         0      
       s_floor.c.obj                344     0         0      
       fs_add32.asm.obj             308     0         0      
       fd_mul32.asm.obj             296     0         0      
       s_scalbn.c.obj               288     0         0      
       fs_cmp32.asm.obj             272     0         0      
       fs_div32.asm.obj             212     0         0      
       memset32.asm.obj             176     0         0      
       fs_mul32.asm.obj             168     0         0      
       fd_tos32.asm.obj             156     0         0      
       copy_decompress_lzss.c.obj   144     0         0      
       autoinit.c.obj               104     0         0      
       fd_toi32.asm.obj             92      0         0      
       fs_tod32.asm.obj             92      0         0      
       fd_tou32.asm.obj             88      0         0      
       i_div32.asm.obj              84      0         0      
       u_div32.asm.obj              80      0         0      
       fs_toi32.asm.obj             76      0         0      
       i_tofs32.asm.obj             76      0         0      
       i_tofd32.asm.obj             60      0         0      
       u_tofd32.asm.obj             52      0         0      
       strlen.c.obj                 32      0         0      
       copy_decompress_none.c.obj   20      0         0      
       copy_zero_init.c.obj         16      0         0      
       errno.c.obj                  12      0         4      
       s_copysign.c.obj             12      0         0      
       exit.c.obj                   8       0         0      
       div0.asm.obj                 4       0         0      
    +--+----------------------------+-------+---------+---------+
       Total:                       20512   544       4      
                                                             
       Linker Generated:            0       161       0      
    +--+----------------------------+-------+---------+---------+
       Grand Total:                 76828   2201      8844   


LINKER GENERATED COPY TABLES

__TI_cinit_table @ 00005138 records: 4, size/record: 8, table size: 32
	.data: load addr=000050b0, load size=0000005c bytes, run addr=08003000, run size=0000013c bytes, compression=lzss
	.kernelBSS: load addr=00005118, load size=00000009 bytes, run addr=08000800, run size=00000104 bytes, compression=lzss
	.bss: load addr=00005128, load size=00000008 bytes, run addr=08003140, run size=00000050 bytes, compression=zero_init
	.kernelHEAP: load addr=00005130, load size=00000008 bytes, run addr=08001000, run size=00002000 bytes, compression=zero_init


LINKER GENERATED HANDLER TABLE

__TI_handler_table @ 0000510c records: 3, size/record: 4, table size: 12
	index: 0, handler: __TI_decompress_lzss
	index: 1, handler: __TI_decompress_none
	index: 2, handler: __TI_zero_init


GLOBAL SYMBOLS: SORTED ALPHABETICALLY BY Name 

address   name                                  
-------   ----                                  
00015b7c  C$$EXIT                               
08003100  ISRbit                                
08003104  Int2Pos_QHandle                       
0800302c  M                                     
08003158  M1                                    
08003168  M2                                    
08003178  M3                                    
08003110  MCI2MCtrl_QHandle                     
0800310c  MCtrl2Plan_QHandle                    
0000ca08  MPU_eTaskGetState                     
0000cb70  MPU_pcTaskGetName                     
0000cc50  MPU_pvTaskGetThreadLocalStoragePointer
0000cd68  MPU_ulTaskNotifyTake                  
0000cf24  MPU_uxQueueMessagesWaiting            
0000cf58  MPU_uxQueueSpacesAvailable            
0000cb44  MPU_uxTaskGetNumberOfTasks            
0000cbd8  MPU_uxTaskGetStackHighWaterMark       
0000c9d4  MPU_uxTaskPriorityGet                 
0000d1ac  MPU_vEventGroupDelete                 
0000cf8c  MPU_vQueueDelete                      
0000c8e0  MPU_vTaskAllocateMPURegions           
0000c940  MPU_vTaskDelay                        
0000c96c  MPU_vTaskDelayUntil                   
0000c914  MPU_vTaskDelete                       
0000ca3c  MPU_vTaskPrioritySet                  
0000ca9c  MPU_vTaskResume                       
0000cc0c  MPU_vTaskSetThreadLocalStoragePointer 
0000cde0  MPU_vTaskSetTimeOutState              
0000ca70  MPU_vTaskSuspend                      
0000cac8  MPU_vTaskSuspendAll                   
0000d0d0  MPU_xEventGroupClearBits              
0000d048  MPU_xEventGroupCreate                 
0000d114  MPU_xEventGroupSetBits                
0000d158  MPU_xEventGroupSync                   
0000d074  MPU_xEventGroupWaitBits               
0000cfb8  MPU_xQueueGenericCreate               
0000ced0  MPU_xQueueGenericReceive              
0000d004  MPU_xQueueGenericReset                
0000ce7c  MPU_xQueueGenericSend                 
0000c9a0  MPU_xTaskAbortDelay                   
0000ce0c  MPU_xTaskCheckForTimeOut              
0000c838  MPU_xTaskCreate                       
0000c89c  MPU_xTaskCreateRestricted             
0000ccc0  MPU_xTaskGenericNotify                
0000cba4  MPU_xTaskGetHandle                    
0000cc94  MPU_xTaskGetIdleTaskHandle            
0000ce50  MPU_xTaskGetSchedulerState            
0000cb18  MPU_xTaskGetTickCount                 
0000cdac  MPU_xTaskNotifyStateClear             
0000cd14  MPU_xTaskNotifyWait                   
0000caec  MPU_xTaskResumeAll                    
08003034  Motor_1                               
08003060  Motor_2                               
0800308c  Motor_3                               
08003030  N                                     
08003108  Pos2MCtrl_QHandle                     
UNDEFED   SHT$$INIT_ARRAY$$Base                 
UNDEFED   SHT$$INIT_ARRAY$$Limit                
00005138  __TI_CINIT_Base                       
00005158  __TI_CINIT_Limit                      
0000510c  __TI_Handler_Table_Base               
00005118  __TI_Handler_Table_Limit              
00012c00  __TI_PINIT_Base                       
00012c04  __TI_PINIT_Limit                      
000157fc  __TI_auto_init_nobinit_nopinit        
0001565c  __TI_decompress_lzss                  
00015b40  __TI_decompress_none                  
ffffffff  __TI_pprof_out_hndl                   
ffffffff  __TI_prof_data_size                   
ffffffff  __TI_prof_data_start                  
00000000  __TI_static_base__                    
00015b54  __TI_zero_init                        
00014fa0  __aeabi_cdcmpeq                       
00014fa0  __aeabi_cdcmple                       
00015080  __aeabi_cdrcmple                      
000156ec  __aeabi_cfcmpeq                       
000156ec  __aeabi_cfcmple                       
00015774  __aeabi_cfrcmple                      
0001552c  __aeabi_d2f                           
00015864  __aeabi_d2iz                          
0001591c  __aeabi_d2uiz                         
000139f0  __aeabi_dadd                          
0001433c  __aeabi_ddiv                          
00014b84  __aeabi_dmul                          
000139e4  __aeabi_dsub                          
00015b64  __aeabi_errno_addr                    
000158c0  __aeabi_f2d                           
00015a18  __aeabi_f2iz                          
00014a54  __aeabi_fadd                          
00015240  __aeabi_fdiv                          
00015484  __aeabi_fmul                          
00014a50  __aeabi_fsub                          
00015ab0  __aeabi_i2d                           
00015a64  __aeabi_i2f                           
00015974  __aeabi_idiv                          
00015b88  __aeabi_idiv0                         
00015974  __aeabi_idivmod                       
00015b88  __aeabi_ldiv0                         
000153d4  __aeabi_memclr                        
000153d4  __aeabi_memclr4                       
000153d4  __aeabi_memclr8                       
000144cc  __aeabi_memcpy                        
000144cc  __aeabi_memcpy4                       
000144cc  __aeabi_memcpy8                       
000153d8  __aeabi_memset                        
000153d8  __aeabi_memset4                       
000153d8  __aeabi_memset8                       
00015aec  __aeabi_ui2d                          
000159c8  __aeabi_uidiv                         
000159c8  __aeabi_uidivmod                      
ffffffff  __binit__                             
ffffffff  __c_args__                            
00013bf8  __kernel_cos                          
0000be5c  __kernel_rem_pio2                     
000135ac  __kernel_sin                          
08001000  __start___llvm_prf_cnts               
08001000  __stop___llvm_prf_cnts                
000137d0  _c_int00                              
00012b28  _coreClearAuxiliaryDataFault_         
00012b3c  _coreClearAuxiliaryInstructionFault_  
00012b00  _coreClearDataFaultAddress_           
00012ad8  _coreClearDataFault_                  
00012b14  _coreClearInstructionFaultAddress_    
00012aec  _coreClearInstructionFault_           
00012a6c  _coreDisableEventBusExport_           
00012ab0  _coreDisableFlashEcc_                 
00012a8c  _coreDisableRamEcc_                   
00012a5c  _coreEnableEventBusExport_            
00012a9c  _coreEnableFlashEcc_                  
00012ac0  _coreEnableIrqVicOffset_              
00012a7c  _coreEnableRamEcc_                    
00012b20  _coreGetAuxiliaryDataFault_           
00012b34  _coreGetAuxiliaryInstructionFault_    
00012af8  _coreGetDataFaultAddress_             
00012ad0  _coreGetDataFault_                    
00012b0c  _coreGetInstructionFaultAddress_      
00012ae4  _coreGetInstructionFault_             
00012938  _coreInitRegisters_                   
000129f0  _coreInitStackPointer_                
00014eb8  _dabort                               
00012b50  _disable_FIQ_interrupt_               
00012b58  _disable_IRQ_interrupt_               
00012b48  _disable_interrupt_                   
00012b60  _enable_interrupt_                    
00012bf0  _errata_CORTEXR4_66_                  
0001027c  _errata_SSWF021_45_both_plls          
00010470  _errata_SSWF021_45_pll1               
000105e8  _errata_SSWF021_45_pll2               
00012b68  _esmCcmErrorsClear_                   
00012a3c  _getCPSRValue_                        
00012a44  _gotoCPUIdle_                         
000151bc  _pmuDisableCountersGlobal_            
000151ac  _pmuEnableCountersGlobal_             
00015218  _pmuGetCycleCount_                    
00015220  _pmuGetEventCount_                    
0001522c  _pmuGetOverflow_                      
00015160  _pmuInit_                             
000151ec  _pmuResetCounters_                    
000151cc  _pmuResetCycleCounter_                
000151dc  _pmuResetEventCounters_               
0001520c  _pmuSetCountEvent_                    
000151fc  _pmuStartCounters_                    
00015204  _pmuStopCounters_                     
UNDEFED   _system_post_cinit                    
08003008  a                                     
00015b7c  abort                                 
000114a8  acos                                  
000114a8  acosl                                 
00009004  adc1ParityCheck                       
00011a20  atan                                  
00012c08  atan2                                 
00012c08  atan2l                                
00011a20  atanl                                 
0800300c  b                                     
ffffffff  binit                                 
080030b8  c                                     
000090bc  can1ParityCheck                       
00009198  can2ParityCheck                       
0000d7e8  capGetSignal                          
00008030  ccmSelfCheck                          
0000a034  ccmr4GetConfigValue                   
00008938  checkB0RAMECC                         
00008b28  checkB1RAMECC                         
00009604  checkClockMonitor                     
00008d18  checkFlashECC                         
000096d8  checkFlashEEPROMECC                   
00009880  checkPLL1Slip                         
0000999c  checkRAMAddrParity                    
000093bc  checkRAMECC                           
00009aa4  checkRAMUERRTest                      
000087bc  checkefcSelfTest                      
00015b70  copysign                              
00015b70  copysignl                             
0000db30  cos                                   
08003018  cos_phi                               
0000db30  cosl                                  
00011e6c  countToRads                           
00008234  cpuSelfTest                           
00008dfc  cpuSelfTestFail                       
0000bd7c  customTrimLPO                         
00008df4  custom_dabort                         
08003028  den                                   
0000a424  disableParity                         
00001f00  eTaskConfirmSleepModeStatus           
00000888  eTaskGetState                         
0000d7a8  edgeDisableNotification               
0000d76c  edgeEnableNotification                
0000d740  edgeGetCounter                        
000153ac  edgeNotification                      
0000d714  edgeResetCounter                      
00008660  efcCheck                              
00009f98  efcGetConfigValue                     
00008794  efcSelfTest                           
000086e8  efcStuckZeroTest                      
0000a3d0  enableParity                          
0000a0b0  errata_PBIST_4                        
08003138  errno                                 
00011038  esmActivateNormalOperation            
0001110c  esmClearStatus                        
0001114c  esmClearStatusBuffer                  
00011000  esmDisableError                       
00011070  esmDisableInterrupt                   
00010fd8  esmEnableError                        
00011048  esmEnableInterrupt                    
00011244  esmEnterSelfTest                      
00010fbc  esmError                              
0001131c  esmGetConfigValue                     
00011188  esmGetStatus                          
0001120c  esmGetStatusBuffer                    
00015314  esmGroup1Notification                 
00015324  esmGroup2Notification                 
00014dcc  esmHighInterrupt                      
00010eb4  esmInit                               
000112cc  esmSelfTestStatus                     
00011168  esmSetCounterPreloadValue             
00011098  esmSetInterruptLevel                  
00011028  esmTriggerErrorPinReset               
0001464c  floor                                 
0001464c  floorl                                
00009c00  fmcBus1ParityCheck                    
0000885c  fmcBus2Check                          
00008898  fmcECCcheck                           
000108e8  getMotorsAngle                        
000127c4  gioDisableNotification                
00012788  gioEnableNotification                 
000126f0  gioGetBit                             
00012800  gioGetConfigValue                     
00012718  gioGetPort                            
000155c8  gioHighLevelInterrupt                 
000125cc  gioInit                               
0001560c  gioLowLevelInterrupt                  
0000fc88  gioNotification                       
00012680  gioSetBit                             
00012660  gioSetDirection                       
000126d0  gioSetPort                            
00012730  gioToggleBit                          
08003010  h                                     
00015b8c  handlePLLLockFail                     
0000d8fc  het1GetConfigValue                    
00008eac  het1ParityCheck                       
0000d8e4  hetGetTimestamp                       
0000d1d8  hetInit                               
000153c0  hetNotification                       
0000d8c8  hetResetTimestamp                     
00008f4c  htu1ParityCheck                       
08003000  i                                     
08003004  j                                     
00014cac  ldexp                                 
00014cac  ldexpl                                
000123f0  linHighLevelInterrupt                 
00012248  linLowLevelInterrupt                  
0000fb9c  main                                  
0000b4f4  mapClocks                             
000144cc  memcpy                                
00008174  memoryInit                            
00015334  memoryPort0TestFailNotification       
00015350  memoryPort1TestFailNotification       
000153e4  memset                                
00009260  mibspi1ParityCheck                    
00011f40  motorPID                              
000148fc  muxInit                               
08003024  num                                   
00009d2c  pbistFail                             
00009db0  pbistGetConfigValue                   
000085a8  pbistIsTestCompleted                  
000085d4  pbistIsTestPassed                     
00008608  pbistPortTestStatus                   
000084ac  pbistRun                              
000082cc  pbistSelfCheck                        
00008578  pbistStop                             
00001344  pcTaskGetName                         
0000b4a0  periphInit                            
00015b84  phantomInterrupt                      
08003124  phi                                   
00014984  pinmuxGetConfigValue                  
0000a538  pow                                   
0000a538  powl                                  
00004d08  prvMpuDisable                         
00004cf0  prvMpuEnable                          
00004cd8  prvMpuSetRegion                       
00004d30  pvPortMalloc                          
00001fe0  pvTaskGetThreadLocalStoragePointer    
0000d6e4  pwmDisableNotification                
0000d69c  pwmEnableNotification                 
0000d5b4  pwmGetSignal                          
00015394  pwmNotification                       
0000d300  pwmSetDuty                            
0000d43c  pwmSetSignal                          
000141a4  pwmSetSignal10e3                      
0000d298  pwmStart                              
0000d2cc  pwmStop                               
080008d0  pxCurrentTCB                          
000045c4  pxPortInitialiseStack                 
08003014  r                                     
00000000  resetEntry                            
00014cac  scalbn                                
00014cac  scalbnl                               
0000f904  sciDisableLoopback                    
0000f95c  sciDisableNotification                
0000f8d0  sciEnableLoopback                     
0000f920  sciEnableNotification                 
0000f998  sciEnterResetState                    
0000f9b8  sciExitResetState                     
0000f4b8  sciInit                               
0000f7b8  sciIsIdleDetected                     
0000f79c  sciIsRxReady                          
0000f67c  sciIsTxReady                          
00015380  sciNotification                       
0000f830  sciReceive                            
0000f804  sciReceiveByte                        
0000f7d4  sciRxError                            
0000f6c8  sciSend                               
0000f698  sciSendByte                           
0000f5c4  sciSetBaudrate                        
0000f5a4  sciSetFunctional                      
0000f9f0  scilinGetConfigValue                  
00008020  selftestFailNotification              
00011ea0  setDirection                          
0000b460  setupFlash                            
0000b39c  setupPLL                              
0000ec74  sin                                   
0800301c  sin_phi                               
08003020  sin_theta3i                           
0000ec74  sinl                                  
00013e08  sqrt                                  
00013e08  sqrtl                                 
0000bc40  sramGetConfigValue                    
00009ef8  stcGetConfigValue                     
000081b8  stcSelfCheck                          
00008df8  stcSelfCheckFail                      
00015b20  strlen                                
0000b6d4  systemGetConfigValue                  
0000b5d8  systemInit                            
0000b6a4  systemPowerDown                       
0000ba94  tcmflashGetConfigValue                
080030dc  theta                                 
0000b3ec  trimLPO                               
08003130  ulCriticalNesting                     
00004c14  ulPortCountLeadingZeros               
08003134  ulTaskHasFPUContext                   
00002378  ulTaskNotifyTake                      
00013520  uxListRemove                          
000038e8  uxQueueMessagesWaiting                
0000396c  uxQueueMessagesWaitingFromISR         
00003920  uxQueueSpacesAvailable                
00001338  uxTaskGetNumberOfTasks                
00002224  uxTaskGetStackHighWaterMark           
0000098c  uxTaskPriorityGet                     
000009d0  uxTaskPriorityGetFromISR              
0000233c  uxTaskResetEventItemValue             
0000453c  vEventGroupClearBitsCallback          
0000449c  vEventGroupDelete                     
00004520  vEventGroupSetBitsCallback            
00013374  vListInitialise                       
000133cc  vListInitialiseItem                   
0001345c  vListInsert                           
000133e8  vListInsertEnd                        
00010074  vMCI                                  
0000fdb0  vMotorCtrl                            
000100c4  vPlanner                              
0000494c  vPortEndScheduler                     
00004f84  vPortFree                             
00005094  vPortInitialiseBlocks                 
00004b54  vPortPreemptiveTick                   
00004c1c  vPortSWI                              
00004984  vPortStartFirstTask                   
000046b4  vPortStoreTaskMPUSettings             
00004aa0  vPortYeildWithinAPI                   
000049f4  vPortYieldProcessor                   
0000fd64  vPosition                             
0000399c  vQueueDelete                          
0000204c  vTaskAllocateMPURegions               
00000804  vTaskDelay                            
00000698  vTaskDelayUntil                       
00000530  vTaskDelete                           
00001074  vTaskEndScheduler                     
00001ef0  vTaskMissedYield                      
00002930  vTaskNotifyGiveFromISR                
00001ab8  vTaskPlaceOnEventList                 
00001afc  vTaskPlaceOnUnorderedEventList        
00000a18  vTaskPrioritySet                      
00000e14  vTaskResume                           
00001f7c  vTaskSetThreadLocalStoragePointer     
00001d74  vTaskSetTimeOutState                  
00000fdc  vTaskStartScheduler                   
00001658  vTaskStepTick                         
00000c10  vTaskSuspend                          
00001090  vTaskSuspendAll                       
000019d8  vTaskSwitchContext                    
0000e45c  vimChannelMap                         
0000e658  vimDisableInterrupt                   
0000e500  vimEnableInterrupt                    
0000e6dc  vimGetConfigValue                     
0000e388  vimInit                               
00008e00  vimParityCheck                        
0001310c  vimParityErrorHandler                 
00004238  xEventGroupClearBits                  
00003dac  xEventGroupCreate                     
000042bc  xEventGroupGetBitsFromISR             
000042ec  xEventGroupSetBits                    
00003de8  xEventGroupSync                       
00003fe8  xEventGroupWaitBits                   
0000507c  xPortGetFreeHeapSize                  
00005088  xPortGetMinimumEverFreeHeapSize       
00004928  xPortStartScheduler                   
00002d00  xQueueGenericCreate                   
000033d8  xQueueGenericReceive                  
00002bd8  xQueueGenericReset                    
00002e1c  xQueueGenericSend                     
000030dc  xQueueGenericSendFromISR              
0000326c  xQueueGiveFromISR                     
00003cd0  xQueueIsQueueEmptyFromISR             
00003d5c  xQueueIsQueueFullFromISR              
000037f4  xQueuePeekFromISR                     
000036ac  xQueueReceiveFromISR                  
000016b4  xTaskAbortDelay                       
00001db8  xTaskCheckForTimeOut                  
000000fc  xTaskCreate                           
00000020  xTaskCreateRestricted                 
00002560  xTaskGenericNotify                    
00002730  xTaskGenericNotifyFromISR             
00001518  xTaskGetHandle                        
00001620  xTaskGetIdleTaskHandle                
000022ec  xTaskGetSchedulerState                
000012f8  xTaskGetTickCount                     
00001314  xTaskGetTickCountFromISR              
000017b0  xTaskIncrementTick                    
00014880  xTaskNotifyStateClear                 
0000244c  xTaskNotifyWait                       
00001b80  xTaskRemoveFromEventList              
00001c70  xTaskRemoveFromUnorderedEventList     
00001148  xTaskResumeAll                        
00000ef4  xTaskResumeFromISR                    


GLOBAL SYMBOLS: SORTED BY Symbol Address 

address   name                                  
-------   ----                                  
00000000  __TI_static_base__                    
00000000  resetEntry                            
00000020  xTaskCreateRestricted                 
000000fc  xTaskCreate                           
00000530  vTaskDelete                           
00000698  vTaskDelayUntil                       
00000804  vTaskDelay                            
00000888  eTaskGetState                         
0000098c  uxTaskPriorityGet                     
000009d0  uxTaskPriorityGetFromISR              
00000a18  vTaskPrioritySet                      
00000c10  vTaskSuspend                          
00000e14  vTaskResume                           
00000ef4  xTaskResumeFromISR                    
00000fdc  vTaskStartScheduler                   
00001074  vTaskEndScheduler                     
00001090  vTaskSuspendAll                       
00001148  xTaskResumeAll                        
000012f8  xTaskGetTickCount                     
00001314  xTaskGetTickCountFromISR              
00001338  uxTaskGetNumberOfTasks                
00001344  pcTaskGetName                         
00001518  xTaskGetHandle                        
00001620  xTaskGetIdleTaskHandle                
00001658  vTaskStepTick                         
000016b4  xTaskAbortDelay                       
000017b0  xTaskIncrementTick                    
000019d8  vTaskSwitchContext                    
00001ab8  vTaskPlaceOnEventList                 
00001afc  vTaskPlaceOnUnorderedEventList        
00001b80  xTaskRemoveFromEventList              
00001c70  xTaskRemoveFromUnorderedEventList     
00001d74  vTaskSetTimeOutState                  
00001db8  xTaskCheckForTimeOut                  
00001ef0  vTaskMissedYield                      
00001f00  eTaskConfirmSleepModeStatus           
00001f7c  vTaskSetThreadLocalStoragePointer     
00001fe0  pvTaskGetThreadLocalStoragePointer    
0000204c  vTaskAllocateMPURegions               
00002224  uxTaskGetStackHighWaterMark           
000022ec  xTaskGetSchedulerState                
0000233c  uxTaskResetEventItemValue             
00002378  ulTaskNotifyTake                      
0000244c  xTaskNotifyWait                       
00002560  xTaskGenericNotify                    
00002730  xTaskGenericNotifyFromISR             
00002930  vTaskNotifyGiveFromISR                
00002bd8  xQueueGenericReset                    
00002d00  xQueueGenericCreate                   
00002e1c  xQueueGenericSend                     
000030dc  xQueueGenericSendFromISR              
0000326c  xQueueGiveFromISR                     
000033d8  xQueueGenericReceive                  
000036ac  xQueueReceiveFromISR                  
000037f4  xQueuePeekFromISR                     
000038e8  uxQueueMessagesWaiting                
00003920  uxQueueSpacesAvailable                
0000396c  uxQueueMessagesWaitingFromISR         
0000399c  vQueueDelete                          
00003cd0  xQueueIsQueueEmptyFromISR             
00003d5c  xQueueIsQueueFullFromISR              
00003dac  xEventGroupCreate                     
00003de8  xEventGroupSync                       
00003fe8  xEventGroupWaitBits                   
00004238  xEventGroupClearBits                  
000042bc  xEventGroupGetBitsFromISR             
000042ec  xEventGroupSetBits                    
0000449c  vEventGroupDelete                     
00004520  vEventGroupSetBitsCallback            
0000453c  vEventGroupClearBitsCallback          
000045c4  pxPortInitialiseStack                 
000046b4  vPortStoreTaskMPUSettings             
00004928  xPortStartScheduler                   
0000494c  vPortEndScheduler                     
00004984  vPortStartFirstTask                   
000049f4  vPortYieldProcessor                   
00004aa0  vPortYeildWithinAPI                   
00004b54  vPortPreemptiveTick                   
00004c14  ulPortCountLeadingZeros               
00004c1c  vPortSWI                              
00004cd8  prvMpuSetRegion                       
00004cf0  prvMpuEnable                          
00004d08  prvMpuDisable                         
00004d30  pvPortMalloc                          
00004f84  vPortFree                             
0000507c  xPortGetFreeHeapSize                  
00005088  xPortGetMinimumEverFreeHeapSize       
00005094  vPortInitialiseBlocks                 
0000510c  __TI_Handler_Table_Base               
00005118  __TI_Handler_Table_Limit              
00005138  __TI_CINIT_Base                       
00005158  __TI_CINIT_Limit                      
00008020  selftestFailNotification              
00008030  ccmSelfCheck                          
00008174  memoryInit                            
000081b8  stcSelfCheck                          
00008234  cpuSelfTest                           
000082cc  pbistSelfCheck                        
000084ac  pbistRun                              
00008578  pbistStop                             
000085a8  pbistIsTestCompleted                  
000085d4  pbistIsTestPassed                     
00008608  pbistPortTestStatus                   
00008660  efcCheck                              
000086e8  efcStuckZeroTest                      
00008794  efcSelfTest                           
000087bc  checkefcSelfTest                      
0000885c  fmcBus2Check                          
00008898  fmcECCcheck                           
00008938  checkB0RAMECC                         
00008b28  checkB1RAMECC                         
00008d18  checkFlashECC                         
00008df4  custom_dabort                         
00008df8  stcSelfCheckFail                      
00008dfc  cpuSelfTestFail                       
00008e00  vimParityCheck                        
00008eac  het1ParityCheck                       
00008f4c  htu1ParityCheck                       
00009004  adc1ParityCheck                       
000090bc  can1ParityCheck                       
00009198  can2ParityCheck                       
00009260  mibspi1ParityCheck                    
000093bc  checkRAMECC                           
00009604  checkClockMonitor                     
000096d8  checkFlashEEPROMECC                   
00009880  checkPLL1Slip                         
0000999c  checkRAMAddrParity                    
00009aa4  checkRAMUERRTest                      
00009c00  fmcBus1ParityCheck                    
00009d2c  pbistFail                             
00009db0  pbistGetConfigValue                   
00009ef8  stcGetConfigValue                     
00009f98  efcGetConfigValue                     
0000a034  ccmr4GetConfigValue                   
0000a0b0  errata_PBIST_4                        
0000a3d0  enableParity                          
0000a424  disableParity                         
0000a538  pow                                   
0000a538  powl                                  
0000b39c  setupPLL                              
0000b3ec  trimLPO                               
0000b460  setupFlash                            
0000b4a0  periphInit                            
0000b4f4  mapClocks                             
0000b5d8  systemInit                            
0000b6a4  systemPowerDown                       
0000b6d4  systemGetConfigValue                  
0000ba94  tcmflashGetConfigValue                
0000bc40  sramGetConfigValue                    
0000bd7c  customTrimLPO                         
0000be5c  __kernel_rem_pio2                     
0000c838  MPU_xTaskCreate                       
0000c89c  MPU_xTaskCreateRestricted             
0000c8e0  MPU_vTaskAllocateMPURegions           
0000c914  MPU_vTaskDelete                       
0000c940  MPU_vTaskDelay                        
0000c96c  MPU_vTaskDelayUntil                   
0000c9a0  MPU_xTaskAbortDelay                   
0000c9d4  MPU_uxTaskPriorityGet                 
0000ca08  MPU_eTaskGetState                     
0000ca3c  MPU_vTaskPrioritySet                  
0000ca70  MPU_vTaskSuspend                      
0000ca9c  MPU_vTaskResume                       
0000cac8  MPU_vTaskSuspendAll                   
0000caec  MPU_xTaskResumeAll                    
0000cb18  MPU_xTaskGetTickCount                 
0000cb44  MPU_uxTaskGetNumberOfTasks            
0000cb70  MPU_pcTaskGetName                     
0000cba4  MPU_xTaskGetHandle                    
0000cbd8  MPU_uxTaskGetStackHighWaterMark       
0000cc0c  MPU_vTaskSetThreadLocalStoragePointer 
0000cc50  MPU_pvTaskGetThreadLocalStoragePointer
0000cc94  MPU_xTaskGetIdleTaskHandle            
0000ccc0  MPU_xTaskGenericNotify                
0000cd14  MPU_xTaskNotifyWait                   
0000cd68  MPU_ulTaskNotifyTake                  
0000cdac  MPU_xTaskNotifyStateClear             
0000cde0  MPU_vTaskSetTimeOutState              
0000ce0c  MPU_xTaskCheckForTimeOut              
0000ce50  MPU_xTaskGetSchedulerState            
0000ce7c  MPU_xQueueGenericSend                 
0000ced0  MPU_xQueueGenericReceive              
0000cf24  MPU_uxQueueMessagesWaiting            
0000cf58  MPU_uxQueueSpacesAvailable            
0000cf8c  MPU_vQueueDelete                      
0000cfb8  MPU_xQueueGenericCreate               
0000d004  MPU_xQueueGenericReset                
0000d048  MPU_xEventGroupCreate                 
0000d074  MPU_xEventGroupWaitBits               
0000d0d0  MPU_xEventGroupClearBits              
0000d114  MPU_xEventGroupSetBits                
0000d158  MPU_xEventGroupSync                   
0000d1ac  MPU_vEventGroupDelete                 
0000d1d8  hetInit                               
0000d298  pwmStart                              
0000d2cc  pwmStop                               
0000d300  pwmSetDuty                            
0000d43c  pwmSetSignal                          
0000d5b4  pwmGetSignal                          
0000d69c  pwmEnableNotification                 
0000d6e4  pwmDisableNotification                
0000d714  edgeResetCounter                      
0000d740  edgeGetCounter                        
0000d76c  edgeEnableNotification                
0000d7a8  edgeDisableNotification               
0000d7e8  capGetSignal                          
0000d8c8  hetResetTimestamp                     
0000d8e4  hetGetTimestamp                       
0000d8fc  het1GetConfigValue                    
0000db30  cos                                   
0000db30  cosl                                  
0000e388  vimInit                               
0000e45c  vimChannelMap                         
0000e500  vimEnableInterrupt                    
0000e658  vimDisableInterrupt                   
0000e6dc  vimGetConfigValue                     
0000ec74  sin                                   
0000ec74  sinl                                  
0000f4b8  sciInit                               
0000f5a4  sciSetFunctional                      
0000f5c4  sciSetBaudrate                        
0000f67c  sciIsTxReady                          
0000f698  sciSendByte                           
0000f6c8  sciSend                               
0000f79c  sciIsRxReady                          
0000f7b8  sciIsIdleDetected                     
0000f7d4  sciRxError                            
0000f804  sciReceiveByte                        
0000f830  sciReceive                            
0000f8d0  sciEnableLoopback                     
0000f904  sciDisableLoopback                    
0000f920  sciEnableNotification                 
0000f95c  sciDisableNotification                
0000f998  sciEnterResetState                    
0000f9b8  sciExitResetState                     
0000f9f0  scilinGetConfigValue                  
0000fb9c  main                                  
0000fc88  gioNotification                       
0000fd64  vPosition                             
0000fdb0  vMotorCtrl                            
00010074  vMCI                                  
000100c4  vPlanner                              
0001027c  _errata_SSWF021_45_both_plls          
00010470  _errata_SSWF021_45_pll1               
000105e8  _errata_SSWF021_45_pll2               
000108e8  getMotorsAngle                        
00010eb4  esmInit                               
00010fbc  esmError                              
00010fd8  esmEnableError                        
00011000  esmDisableError                       
00011028  esmTriggerErrorPinReset               
00011038  esmActivateNormalOperation            
00011048  esmEnableInterrupt                    
00011070  esmDisableInterrupt                   
00011098  esmSetInterruptLevel                  
0001110c  esmClearStatus                        
0001114c  esmClearStatusBuffer                  
00011168  esmSetCounterPreloadValue             
00011188  esmGetStatus                          
0001120c  esmGetStatusBuffer                    
00011244  esmEnterSelfTest                      
000112cc  esmSelfTestStatus                     
0001131c  esmGetConfigValue                     
000114a8  acos                                  
000114a8  acosl                                 
00011a20  atan                                  
00011a20  atanl                                 
00011e6c  countToRads                           
00011ea0  setDirection                          
00011f40  motorPID                              
00012248  linLowLevelInterrupt                  
000123f0  linHighLevelInterrupt                 
000125cc  gioInit                               
00012660  gioSetDirection                       
00012680  gioSetBit                             
000126d0  gioSetPort                            
000126f0  gioGetBit                             
00012718  gioGetPort                            
00012730  gioToggleBit                          
00012788  gioEnableNotification                 
000127c4  gioDisableNotification                
00012800  gioGetConfigValue                     
00012938  _coreInitRegisters_                   
000129f0  _coreInitStackPointer_                
00012a3c  _getCPSRValue_                        
00012a44  _gotoCPUIdle_                         
00012a5c  _coreEnableEventBusExport_            
00012a6c  _coreDisableEventBusExport_           
00012a7c  _coreEnableRamEcc_                    
00012a8c  _coreDisableRamEcc_                   
00012a9c  _coreEnableFlashEcc_                  
00012ab0  _coreDisableFlashEcc_                 
00012ac0  _coreEnableIrqVicOffset_              
00012ad0  _coreGetDataFault_                    
00012ad8  _coreClearDataFault_                  
00012ae4  _coreGetInstructionFault_             
00012aec  _coreClearInstructionFault_           
00012af8  _coreGetDataFaultAddress_             
00012b00  _coreClearDataFaultAddress_           
00012b0c  _coreGetInstructionFaultAddress_      
00012b14  _coreClearInstructionFaultAddress_    
00012b20  _coreGetAuxiliaryDataFault_           
00012b28  _coreClearAuxiliaryDataFault_         
00012b34  _coreGetAuxiliaryInstructionFault_    
00012b3c  _coreClearAuxiliaryInstructionFault_  
00012b48  _disable_interrupt_                   
00012b50  _disable_FIQ_interrupt_               
00012b58  _disable_IRQ_interrupt_               
00012b60  _enable_interrupt_                    
00012b68  _esmCcmErrorsClear_                   
00012bf0  _errata_CORTEXR4_66_                  
00012c00  __TI_PINIT_Base                       
00012c04  __TI_PINIT_Limit                      
00012c08  atan2                                 
00012c08  atan2l                                
0001310c  vimParityErrorHandler                 
00013374  vListInitialise                       
000133cc  vListInitialiseItem                   
000133e8  vListInsertEnd                        
0001345c  vListInsert                           
00013520  uxListRemove                          
000135ac  __kernel_sin                          
000137d0  _c_int00                              
000139e4  __aeabi_dsub                          
000139f0  __aeabi_dadd                          
00013bf8  __kernel_cos                          
00013e08  sqrt                                  
00013e08  sqrtl                                 
000141a4  pwmSetSignal10e3                      
0001433c  __aeabi_ddiv                          
000144cc  __aeabi_memcpy                        
000144cc  __aeabi_memcpy4                       
000144cc  __aeabi_memcpy8                       
000144cc  memcpy                                
0001464c  floor                                 
0001464c  floorl                                
00014880  xTaskNotifyStateClear                 
000148fc  muxInit                               
00014984  pinmuxGetConfigValue                  
00014a50  __aeabi_fsub                          
00014a54  __aeabi_fadd                          
00014b84  __aeabi_dmul                          
00014cac  ldexp                                 
00014cac  ldexpl                                
00014cac  scalbn                                
00014cac  scalbnl                               
00014dcc  esmHighInterrupt                      
00014eb8  _dabort                               
00014fa0  __aeabi_cdcmpeq                       
00014fa0  __aeabi_cdcmple                       
00015080  __aeabi_cdrcmple                      
00015160  _pmuInit_                             
000151ac  _pmuEnableCountersGlobal_             
000151bc  _pmuDisableCountersGlobal_            
000151cc  _pmuResetCycleCounter_                
000151dc  _pmuResetEventCounters_               
000151ec  _pmuResetCounters_                    
000151fc  _pmuStartCounters_                    
00015204  _pmuStopCounters_                     
0001520c  _pmuSetCountEvent_                    
00015218  _pmuGetCycleCount_                    
00015220  _pmuGetEventCount_                    
0001522c  _pmuGetOverflow_                      
00015240  __aeabi_fdiv                          
00015314  esmGroup1Notification                 
00015324  esmGroup2Notification                 
00015334  memoryPort0TestFailNotification       
00015350  memoryPort1TestFailNotification       
00015380  sciNotification                       
00015394  pwmNotification                       
000153ac  edgeNotification                      
000153c0  hetNotification                       
000153d4  __aeabi_memclr                        
000153d4  __aeabi_memclr4                       
000153d4  __aeabi_memclr8                       
000153d8  __aeabi_memset                        
000153d8  __aeabi_memset4                       
000153d8  __aeabi_memset8                       
000153e4  memset                                
00015484  __aeabi_fmul                          
0001552c  __aeabi_d2f                           
000155c8  gioHighLevelInterrupt                 
0001560c  gioLowLevelInterrupt                  
0001565c  __TI_decompress_lzss                  
000156ec  __aeabi_cfcmpeq                       
000156ec  __aeabi_cfcmple                       
00015774  __aeabi_cfrcmple                      
000157fc  __TI_auto_init_nobinit_nopinit        
00015864  __aeabi_d2iz                          
000158c0  __aeabi_f2d                           
0001591c  __aeabi_d2uiz                         
00015974  __aeabi_idiv                          
00015974  __aeabi_idivmod                       
000159c8  __aeabi_uidiv                         
000159c8  __aeabi_uidivmod                      
00015a18  __aeabi_f2iz                          
00015a64  __aeabi_i2f                           
00015ab0  __aeabi_i2d                           
00015aec  __aeabi_ui2d                          
00015b20  strlen                                
00015b40  __TI_decompress_none                  
00015b54  __TI_zero_init                        
00015b64  __aeabi_errno_addr                    
00015b70  copysign                              
00015b70  copysignl                             
00015b7c  C$$EXIT                               
00015b7c  abort                                 
00015b84  phantomInterrupt                      
00015b88  __aeabi_idiv0                         
00015b88  __aeabi_ldiv0                         
00015b8c  handlePLLLockFail                     
080008d0  pxCurrentTCB                          
08001000  __start___llvm_prf_cnts               
08001000  __stop___llvm_prf_cnts                
08003000  i                                     
08003004  j                                     
08003008  a                                     
0800300c  b                                     
08003010  h                                     
08003014  r                                     
08003018  cos_phi                               
0800301c  sin_phi                               
08003020  sin_theta3i                           
08003024  num                                   
08003028  den                                   
0800302c  M                                     
08003030  N                                     
08003034  Motor_1                               
08003060  Motor_2                               
0800308c  Motor_3                               
080030b8  c                                     
080030dc  theta                                 
08003100  ISRbit                                
08003104  Int2Pos_QHandle                       
08003108  Pos2MCtrl_QHandle                     
0800310c  MCtrl2Plan_QHandle                    
08003110  MCI2MCtrl_QHandle                     
08003124  phi                                   
08003130  ulCriticalNesting                     
08003134  ulTaskHasFPUContext                   
08003138  errno                                 
08003158  M1                                    
08003168  M2                                    
08003178  M3                                    
ffffffff  __TI_pprof_out_hndl                   
ffffffff  __TI_prof_data_size                   
ffffffff  __TI_prof_data_start                  
ffffffff  __binit__                             
ffffffff  __c_args__                            
ffffffff  binit                                 
UNDEFED   SHT$$INIT_ARRAY$$Base                 
UNDEFED   SHT$$INIT_ARRAY$$Limit                
UNDEFED   _system_post_cinit                    

[453 symbols]
